Microchip MPLAB XC8 Compiler V2.45

Linker command line:

-W-3 \
  --edf=C:\Program Files\Microchip\xc8\v2.45\pic\dat\20230818022343_en.msgs \
  -cn -h+dist/default/production\I2C_driver.X.production.sym \
  --cmf=dist/default/production\I2C_driver.X.production.cmf -z -Q16F877A \
  -oC:\Users\RAKESH~1\AppData\Local\Temp\xcAs8qs.\driver_tmp_3.o \
  --defsym=__MPLAB_BUILD=1 --fixupoverflow=error \
  -Mdist/default/production/I2C_driver.X.production.map \
  --md=C:\Users\RAKESH~1\AppData\Local\Temp\xcAs8qs.\driver_tmp_0.dat -E1 \
  -ver=XC8 Compiler --acfsm=1493 -ACODE=00h-07FFhx4 -ASTRCODE=00h-01FFFh \
  -ASTRING=00h-0FFhx32 -ACONST=00h-0FFhx32 -AENTRY=00h-0FFhx32 \
  -ACOMMON=070h-07Fh -ABANK0=020h-06Fh -ABANK1=0A0h-0EFh \
  -ABANK2=0110h-016Fh -ABANK3=0190h-01EFh \
  -ARAM=020h-06Fh,0A0h-0EFh,0110h-016Fh,0190h-01EFh \
  -AABS1=020h-07Fh,0A0h-0EFh,0110h-016Fh,0190h-01EFh -ASFR0=00h-01Fh \
  -ASFR1=080h-09Fh -ASFR2=0100h-010Fh -ASFR3=0180h-018Fh \
  -ACONFIG=02007h-02007h -DCONFIG=2 -AIDLOC=02000h-02003h -DIDLOC=2 \
  -AEEDATA=00h-0FFh/02100h -peeprom_data=EEDATA -DEEDATA=2 -DCODE=2 \
  -DSTRCODE=2 -DSTRING=2 -DCONST=2 -DENTRY=2 \
  -preset_vec=00h,intentry,init,end_init -ppowerup=CODE -pcinit=CODE \
  -pfunctab=ENTRY -k \
  C:\Users\RAKESH~1\AppData\Local\Temp\xcAs8qs.\driver_tmp_12.o \
  dist/default/production\I2C_driver.X.production.o 

Object code version is 3.11

Machine type is 16F877A



                Name                               Link     Load   Length Selector   Space Scale
C:\Users\RAKESH~1\AppData\Local\Temp\xcAs8qs.\driver_tmp_12.o
                end_init                              0        0        3        0       0
                config                             2007     2007        1        0       4
dist/default/production\I2C_driver.X.production.o
                cinit                               7FC      7FC        4      FF8       0
                config                             2007     2007        1        0       4
                text18                              6AA      6AA       36      D54       0
                text17                              67B      67B       2F      CF6       0
                text16                              6E0      6E0       53      DC0       0
                text15                              565      565        D      ACA       0
                text14                              5FE      5FE       28      BFC       0
                text13                              534      534        9      A68       0
                text12                              53D      53D        9      A7A       0
                text11                              546      546        9      A8C       0
                text10                              54F      54F        B      A9E       0
                text9                               650      650       2B      CA0       0
                text8                               5B8      5B8       21      B70       0
                text7                               796      796       66      F2C       0
                text6                               626      626       2A      C4C       0
                text5                               733      733       63      E66       0
                text4                               55A      55A        B      AB4       0
                text3                               59A      59A       1E      B34       0
                text2                               572      572       13      AE4       0
                text1                               5D9      5D9       25      BB2       0
                maintext                            585      585       15      B0A       0
                cstackBANK0                          20       20        D       20       1
                cstackCOMMON                         70       70        E       70       1
                strings                               3        3       19        6       0

TOTAL           Name                               Link     Load   Length     Space
        CLASS   CODE           
                end_init                              0        0        3         0
                cinit                               7FC      7FC        4         0
                text18                              6AA      6AA       36         0
                text17                              67B      67B       2F         0
                text16                              6E0      6E0       53         0
                text15                              565      565        D         0
                text14                              5FE      5FE       28         0
                text13                              534      534        9         0
                text12                              53D      53D        9         0
                text11                              546      546        9         0
                text10                              54F      54F        B         0
                text9                               650      650       2B         0
                text8                               5B8      5B8       21         0
                text7                               796      796       66         0
                text6                               626      626       2A         0
                text5                               733      733       63         0
                text4                               55A      55A        B         0
                text3                               59A      59A       1E         0
                text2                               572      572       13         0
                text1                               5D9      5D9       25         0
                maintext                            585      585       15         0

        CLASS   STRCODE        

        CLASS   STRING         
                strings                               3        3       19         0

        CLASS   CONST          

        CLASS   ENTRY          

        CLASS   COMMON         
                cstackCOMMON                         70       70        E         1

        CLASS   BANK0          
                cstackBANK0                          20       20        D         1

        CLASS   BANK1          

        CLASS   BANK2          

        CLASS   BANK3          

        CLASS   RAM            

        CLASS   ABS1           
                abs_s1                               7E       7E        2         1

        CLASS   SFR0           

        CLASS   SFR1           

        CLASS   SFR2           

        CLASS   SFR3           

        CLASS   CONFIG         
                config                             2007     2007        1         4

        CLASS   IDLOC          

        CLASS   EEDATA         

        CLASS   HEAP           

        CLASS   STACK          



SEGMENTS        Name                           Load    Length   Top    Selector   Space  Class     Delta

                reset_vec                      000000  000003  000003         0       0  CODE        2
                strings                        000003  000019  00001C         6       0  STRING      2
                cstackBANK0                    000020  00000D  00002D        20       1  BANK0       1
                cstackCOMMON                   000070  00000E  00007E        70       1  COMMON      1
                text13                         000534  000009  00053D       A68       0  CODE        2
                text12                         00053D  000009  000546       A7A       0  CODE        2
                text11                         000546  000009  00054F       A8C       0  CODE        2
                text10                         00054F  00000B  00055A       A9E       0  CODE        2
                text4                          00055A  00000B  000565       AB4       0  CODE        2
                text15                         000565  00000D  000572       ACA       0  CODE        2
                text2                          000572  000013  000585       AE4       0  CODE        2
                maintext                       000585  000015  00059A       B0A       0  CODE        2
                text3                          00059A  00001E  0005B8       B34       0  CODE        2
                text8                          0005B8  000021  0005D9       B70       0  CODE        2
                text1                          0005D9  000025  0005FE       BB2       0  CODE        2
                text14                         0005FE  000028  000626       BFC       0  CODE        2
                text6                          000626  00002A  000650       C4C       0  CODE        2
                text9                          000650  00002B  00067B       CA0       0  CODE        2
                text17                         00067B  00002F  0006AA       CF6       0  CODE        2
                text18                         0006AA  000036  0006E0       D54       0  CODE        2
                text16                         0006E0  000053  000733       DC0       0  CODE        2
                text5                          000733  000063  000796       E66       0  CODE        2
                text7                          000796  000066  0007FC       F2C       0  CODE        2
                cinit                          0007FC  000004  000800       FF8       0  CODE        2


UNUSED ADDRESS RANGES

        Name                Unused          Largest block    Delta
        BANK0            002D-006F             43           1
        BANK1            00A0-00EF             50           1
        BANK2            0110-016F             60           1
        BANK3            0190-01EF             60           1
        CODE             001C-0533            518           2
                         0800-1FFF            800
        CONST            001C-0533            100           2
                         0800-1FFF            100
        EEDATA           2100-21FF            100           2
        ENTRY            001C-0533            100           2
                         0800-1FFF            100
        IDLOC            2000-2003              4           2
        RAM              002D-006F             43           1
                         00A0-00EF             50
                         0110-016F             60
                         0190-01EF             60
        SFR0             0000-001F             20           1
        SFR1             0080-009F             20           1
        SFR2             0100-010F             10           1
        SFR3             0180-018F             10           1
        STRCODE          001C-0533            518           2
                         0800-1FFF           1800
        STRING           001C-0533            100           2
                         0800-1FFF            100

                                  Symbol Table

?___lldiv                        cstackCOMMON 0070
_ACKDT                           (abs)        048D
_ACKEN                           (abs)        048C
_ACKSTAT                         (abs)        048E
_PEN                             (abs)        048A
_PORTD                           (abs)        0008
_RCEN                            (abs)        048B
_RE1                             (abs)        0049
_RE2                             (abs)        004A
_RSEN                            (abs)        0489
_R_nW                            (abs)        04A2
_SEN                             (abs)        0488
_SSPADD                          (abs)        0093
_SSPBUF                          (abs)        0013
_SSPCON2                         (abs)        0091
_SSPEN                           (abs)        00A5
_SSPM3                           (abs)        00A3
_TRISD                           (abs)        0088
_TRISE1                          (abs)        0449
_TRISE2                          (abs)        044A
__H__absolute__                  __absolute__ 0000
__Habs1                          abs1         0000
__Hbank0                         bank0        0000
__Hbank1                         bank1        0000
__Hbank2                         bank2        0000
__Hbank3                         bank3        0000
__Hcinit                         cinit        0800
__Hclrtext                       clrtext      0000
__Hcode                          code         0000
__Hcommon                        common       0000
__Hconfig                        config       2008
__HcstackBANK0                   cstackBANK0  0000
__HcstackCOMMON                  cstackCOMMON 0000
__Heeprom_data                   eeprom_data  0000
__Hend_init                      end_init     0003
__Hfunctab                       functab      0000
__Hheap                          heap         0000
__Hinit                          init         0000
__Hintentry                      intentry     0000
__Hmaintext                      maintext     0000
__Hpowerup                       powerup      0000
__Hram                           ram          0000
__Hreset_vec                     reset_vec    0000
__Hsfr0                          sfr0         0000
__Hsfr1                          sfr1         0000
__Hsfr2                          sfr2         0000
__Hsfr3                          sfr3         0000
__Hspace_0                       (abs)        0800
__Hspace_1                       (abs)        007E
__Hspace_2                       (abs)        0000
__Hspace_3                       (abs)        0000
__Hspace_4                       (abs)        400F
__Hstack                         stack        0000
__Hstrings                       strings      0000
__Htext                          text         0000
__L__absolute__                  __absolute__ 0000
__Labs1                          abs1         0000
__Lbank0                         bank0        0000
__Lbank1                         bank1        0000
__Lbank2                         bank2        0000
__Lbank3                         bank3        0000
__Lcinit                         cinit        07FC
__Lclrtext                       clrtext      0000
__Lcode                          code         0000
__Lcommon                        common       0000
__Lconfig                        config       0000
__LcstackBANK0                   cstackBANK0  0000
__LcstackCOMMON                  cstackCOMMON 0000
__Leeprom_data                   eeprom_data  0000
__Lend_init                      end_init     0000
__Lfunctab                       functab      0000
__Lheap                          heap         0000
__Linit                          init         0000
__Lintentry                      intentry     0000
__Lmaintext                      maintext     0000
__Lpowerup                       powerup      0000
__Lram                           ram          0000
__Lreset_vec                     reset_vec    0000
__Lsfr0                          sfr0         0000
__Lsfr1                          sfr1         0000
__Lsfr2                          sfr2         0000
__Lsfr3                          sfr3         0000
__Lspace_0                       (abs)        0000
__Lspace_1                       (abs)        0000
__Lspace_2                       (abs)        0000
__Lspace_3                       (abs)        0000
__Lspace_4                       (abs)        0000
__Lstack                         stack        0000
__Lstrings                       strings      0000
__Ltext                          text         0000
__S0                             (abs)        0800
__S1                             (abs)        007E
__S3                             (abs)        0000
___heap_hi                       (abs)        0000
___heap_lo                       (abs)        0000
___int_sp                        stack        0000
___int_stack_hi                  stack        0000
___int_stack_lo                  stack        0000
___latbits                       (abs)        0002
___lldiv                         text7        0796
___lldiv@counter                 cstackCOMMON 007D
___lldiv@dividend                cstackCOMMON 0074
___lldiv@divisor                 cstackCOMMON 0070
___lldiv@quotient                cstackCOMMON 0079
___sp                            stack        0000
___stack_hi                      stack        0000
___stack_lo                      stack        0000
___stackhi                       (abs)        0000
___stacklo                       (abs)        0000
__end_of___lldiv                 text7        07FC
__end_of__initialization         cinit        07FC
__end_of__stringtab              strings      0013
__end_of_clcd_print              text17       06AA
__end_of_clcd_write              text18       06E0
__end_of_display_time            text16       0733
__end_of_ds1307_read             text9        067B
__end_of_ds1307_write            text3        05B8
__end_of_get_time                text8        05D9
__end_of_i2c_init                text6        0650
__end_of_i2c_read                text14       0626
__end_of_i2c_repeat_start        text13       053D
__end_of_i2c_start               text12       0546
__end_of_i2c_stop                text11       054F
__end_of_i2c_wait_for_idle       text15       0572
__end_of_i2c_write               text10       055A
__end_of_init_clcd               text4        0565
__end_of_init_config             text1        05FE
__end_of_init_display_controller text5        0796
__end_of_init_rtc                text2        0585
__end_of_main                    maintext     059A
__initialization                 cinit        07FC
__pcstackBANK0                   cstackBANK0  0020
__pcstackCOMMON                  cstackCOMMON 0070
__pmaintext                      maintext     0585
__pstrings                       strings      0003
__ptext1                         text1        05D9
__ptext10                        text10       054F
__ptext11                        text11       0546
__ptext12                        text12       053D
__ptext13                        text13       0534
__ptext14                        text14       05FE
__ptext15                        text15       0565
__ptext16                        text16       06E0
__ptext17                        text17       067B
__ptext18                        text18       06AA
__ptext2                         text2        0572
__ptext3                         text3        059A
__ptext4                         text4        055A
__ptext5                         text5        0733
__ptext6                         text6        0626
__ptext7                         text7        0796
__ptext8                         text8        05B8
__ptext9                         text9        0650
__stringbase                     strings      0012
__stringtab                      strings      0003
_clcd_print                      text17       067B
_clcd_write                      text18       06AA
_display_time                    text16       06E0
_ds1307_read                     text9        0650
_ds1307_write                    text3        059A
_get_time                        text8        05B8
_i2c_init                        text6        0626
_i2c_read                        text14       05FE
_i2c_repeat_start                text13       0534
_i2c_start                       text12       053D
_i2c_stop                        text11       0546
_i2c_wait_for_idle               text15       0565
_i2c_write                       text10       054F
_init_clcd                       text4        055A
_init_config                     text1        05D9
_init_display_controller         text5        0733
_init_rtc                        text2        0572
_main                            maintext     0585
btemp                            (abs)        007E
clcd_print@addr                  cstackCOMMON 0076
clcd_print@str                   cstackCOMMON 0074
clcd_write@byte                  cstackCOMMON 0073
clcd_write@mode                  cstackCOMMON 0070
display_time@clock_reg           cstackBANK0  0029
display_time@time                cstackBANK0  0020
ds1307_read@address              cstackCOMMON 0072
ds1307_read@data                 cstackCOMMON 0073
ds1307_write@address             cstackCOMMON 0072
ds1307_write@value               cstackCOMMON 0071
end_of_initialization            cinit        07FC
get_time@clock_reg               cstackCOMMON 0074
i2c_init@baud_rate               cstackBANK0  0020
i2c_read@ack                     cstackCOMMON 0071
i2c_read@data                    cstackCOMMON 0070
i2c_write@data                   cstackCOMMON 0070
init_rtc@dummy                   cstackCOMMON 0074
intlevel0                        functab      0000
intlevel1                        functab      0000
intlevel2                        functab      0000
intlevel3                        functab      0000
intlevel4                        functab      0000
intlevel5                        functab      0000
main@clock_reg                   cstackBANK0  002A
reset_vec                        reset_vec    0000
start                            init         0000
start_initialization             cinit        07FC
wtemp0                           (abs)        007E


MODULE INFORMATION

Module		Function		Class		Link	Load	Size
i2c.c
		_i2c_start     		CODE           	053D	0000	9
		_i2c_repeat_start		CODE           	0534	0000	9
		_i2c_write     		CODE           	054F	0000	11
		_i2c_stop      		CODE           	0546	0000	9
		_i2c_read      		CODE           	05FE	0000	40
		_i2c_init      		CODE           	0626	0000	42
		_i2c_wait_for_idle		CODE           	0565	0000	13

i2c.c estimated size: 133

shared
		__stringtab    		STRING         	0003	0000	16
		__initialization		CODE           	07FC	0000	1

shared estimated size: 17

clcd.c
		_clcd_write    		CODE           	06AA	0000	54
		_clcd_print    		CODE           	067B	0000	47
		_init_display_controller		CODE           	0733	0000	99
		_init_clcd     		CODE           	055A	0000	11

clcd.c estimated size: 211

C:\Program Files\Microchip\xc8\v2.45\pic\sources\c99\common\__lldiv.c
		___lldiv       		CODE           	0796	0000	102

C:\Program Files\Microchip\xc8\v2.45\pic\sources\c99\common\__lldiv.c estimated size: 102

rtc.c
		_init_rtc      		CODE           	0572	0000	19
		_ds1307_read   		CODE           	0650	0000	43
		_ds1307_write  		CODE           	059A	0000	30

rtc.c estimated size: 92

main.c
		_display_time  		CODE           	06E0	0000	83
		_main          		CODE           	0585	0000	21
		_get_time      		CODE           	05B8	0000	33
		_init_config   		CODE           	05D9	0000	37

main.c estimated size: 174

