Microchip MPLAB XC8 Compiler V2.40

Linker command line:

-W-3 \
  --edf=C:\Program Files\Microchip\xc8\v2.40\pic\dat\20220703182018_en.msgs \
  -cn \
  -h+dist/default/production\A23-CLCD_TEMPERATURE_SENSOR.X.production.sym \
  --cmf=dist/default/production\A23-CLCD_TEMPERATURE_SENSOR.X.production.cmf \
  -z -Q16F877A -oC:\Users\vetri\AppData\Local\Temp\xcAsa50.4 \
  --defsym=__MPLAB_BUILD=1 --fixupoverflow=error \
  -Mdist/default/production/A23-CLCD_TEMPERATURE_SENSOR.X.production.map \
  --md=C:\Users\vetri\AppData\Local\Temp\xcAsa50.dat -E1 -ver=XC8 Compiler \
  --acfsm=1493 -ACODE=00h-07FFhx4 -ASTRCODE=00h-01FFFh -ASTRING=00h-0FFhx32 \
  -ACONST=00h-0FFhx32 -AENTRY=00h-0FFhx32 -ACOMMON=070h-07Fh \
  -ABANK0=020h-06Fh -ABANK1=0A0h-0EFh -ABANK2=0110h-016Fh \
  -ABANK3=0190h-01EFh -ARAM=020h-06Fh,0A0h-0EFh,0110h-016Fh,0190h-01EFh \
  -AABS1=020h-07Fh,0A0h-0EFh,0110h-016Fh,0190h-01EFh -ASFR0=00h-01Fh \
  -ASFR1=080h-09Fh -ASFR2=0100h-010Fh -ASFR3=0180h-018Fh \
  -ACONFIG=02007h-02007h -DCONFIG=2 -AIDLOC=02000h-02003h -DIDLOC=2 \
  -AEEDATA=00h-0FFh/02100h -peeprom_data=EEDATA -DEEDATA=2 -DCODE=2 \
  -DSTRCODE=2 -DSTRING=2 -DCONST=2 -DENTRY=2 \
  -preset_vec=00h,intentry,init,end_init -ppowerup=CODE -pcinit=CODE \
  -pfunctab=ENTRY -k C:\Users\vetri\AppData\Local\Temp\xcAsa50.o \
  dist/default/production\A23-CLCD_TEMPERATURE_SENSOR.X.production.o 

Object code version is 3.11

Machine type is 16F877A



                Name                               Link     Load   Length Selector   Space Scale
C:\Users\vetri\AppData\Local\Temp\xcAsa50.o
                end_init                              0        0        3        0       0
                config                             2007     2007        1        0       4
dist/default/production\A23-CLCD_TEMPERATURE_SENSOR.X.production.o
                cinit                               7FC      7FC        4      FF8       0
                config                             2007     2007        1        0       4
                text14                              178      178       27      2F0       0
                text13                              4B7      4B7      345      96E       0
                text12                              387      387       78      70E       0
                text11                              3FF      3FF       B8      7FE       0
                text10                              23E      23E       44      47C       0
                text9                               204      204       3A      408       0
                text8                               1CE      1CE       36      39C       0
                text7                               19F      19F       2F      33E       0
                text6                               282      282       4C      504       0
                text5                               131      131        7      262       0
                text4                               324      324       63      648       0
                text3                               138      138        B      270       0
                text2                               143      143       16      286       0
                text1                               159      159       1F      2B2       0
                maintext                            2CE      2CE       56      59C       0
                cstackBANK0                          20       20       28       20       1
                cstackCOMMON                         70       70        E       70       1
                strings                               3        3       1C        6       0

TOTAL           Name                               Link     Load   Length     Space
        CLASS   CODE           
                end_init                              0        0        3         0
                cinit                               7FC      7FC        4         0
                text14                              178      178       27         0
                text13                              4B7      4B7      345         0
                text12                              387      387       78         0
                text11                              3FF      3FF       B8         0
                text10                              23E      23E       44         0
                text9                               204      204       3A         0
                text8                               1CE      1CE       36         0
                text7                               19F      19F       2F         0
                text6                               282      282       4C         0
                text5                               131      131        7         0
                text4                               324      324       63         0
                text3                               138      138        B         0
                text2                               143      143       16         0
                text1                               159      159       1F         0
                maintext                            2CE      2CE       56         0

        CLASS   STRCODE        

        CLASS   STRING         
                strings                               3        3       1C         0

        CLASS   CONST          

        CLASS   ENTRY          

        CLASS   COMMON         
                cstackCOMMON                         70       70        E         1

        CLASS   BANK0          
                cstackBANK0                          20       20       28         1

        CLASS   BANK1          

        CLASS   BANK2          

        CLASS   BANK3          

        CLASS   RAM            

        CLASS   ABS1           
                abs_s1                               7E       7E        2         1

        CLASS   SFR0           

        CLASS   SFR1           

        CLASS   SFR2           

        CLASS   SFR3           

        CLASS   CONFIG         
                config                             2007     2007        1         4

        CLASS   IDLOC          

        CLASS   EEDATA         

        CLASS   STACK          



SEGMENTS        Name                           Load    Length   Top    Selector   Space  Class     Delta

                reset_vec                      000000  000003  000003         0       0  CODE        2
                strings                        000003  00001C  00001F         6       0  STRING      2
                cstackBANK0                    000020  000028  000048        20       1  BANK0       1
                cstackCOMMON                   000070  00000E  00007E        70       1  COMMON      1
                text5                          000131  000007  000138       262       0  CODE        2
                text3                          000138  00000B  000143       270       0  CODE        2
                text2                          000143  000016  000159       286       0  CODE        2
                text1                          000159  00001F  000178       2B2       0  CODE        2
                text14                         000178  000027  00019F       2F0       0  CODE        2
                text7                          00019F  00002F  0001CE       33E       0  CODE        2
                text8                          0001CE  000036  000204       39C       0  CODE        2
                text9                          000204  00003A  00023E       408       0  CODE        2
                text10                         00023E  000044  000282       47C       0  CODE        2
                text6                          000282  00004C  0002CE       504       0  CODE        2
                maintext                       0002CE  000056  000324       59C       0  CODE        2
                text4                          000324  000063  000387       648       0  CODE        2
                text12                         000387  000078  0003FF       70E       0  CODE        2
                text11                         0003FF  0000B8  0004B7       7FE       0  CODE        2
                text13                         0004B7  000345  0007FC       96E       0  CODE        2
                cinit                          0007FC  000004  000800       FF8       0  CODE        2


UNUSED ADDRESS RANGES

        Name                Unused          Largest block    Delta
        BANK0            0048-006F             28           1
        BANK1            00A0-00EF             50           1
        BANK2            0110-016F             60           1
        BANK3            0190-01EF             60           1
        CODE             001F-0130            112           2
                         0800-1FFF            800
        CONST            001F-0130             E1           2
                         0800-1FFF            100
        EEDATA           2100-21FF            100           2
        ENTRY            001F-0130             E1           2
                         0800-1FFF            100
        IDLOC            2000-2003              4           2
        RAM              0048-006F             28           1
                         00A0-00EF             50
                         0110-016F             60
                         0190-01EF             60
        SFR0             0000-001F             20           1
        SFR1             0080-009F             20           1
        SFR2             0100-010F             10           1
        SFR3             0180-018F             10           1
        STRCODE          001F-0130            112           2
                         0800-1FFF           1800
        STRING           001F-0130             E1           2
                         0800-1FFF            100

                                  Symbol Table

?__Umul8_16                      cstackCOMMON 0070
?___flmul                        cstackBANK0  0020
?___fltol                        cstackBANK0  003A
?___lwdiv                        cstackCOMMON 0070
?___lwmod                        cstackCOMMON 0070
?___xxtofl                       cstackCOMMON 0070
?_read_adc                       cstackCOMMON 0070
_ADCON0                          (abs)        001F
_ADFM                            (abs)        04FF
_ADON                            (abs)        00F8
_ADRESH                          (abs)        001E
_ADRESL                          (abs)        009E
_GO                              (abs)        00FA
_PORTD                           (abs)        0008
_RE1                             (abs)        0049
_RE2                             (abs)        004A
_TRISD                           (abs)        0088
_TRISE1                          (abs)        0449
_TRISE2                          (abs)        044A
__Habs1                          abs1         0000
__Hbank0                         bank0        0000
__Hbank1                         bank1        0000
__Hbank2                         bank2        0000
__Hbank3                         bank3        0000
__Hcinit                         cinit        0800
__Hclrtext                       clrtext      0000
__Hcode                          code         0000
__Hcommon                        common       0000
__Hconfig                        config       2008
__HcstackBANK0                   cstackBANK0  0000
__HcstackCOMMON                  cstackCOMMON 0000
__Heeprom_data                   eeprom_data  0000
__Hend_init                      end_init     0003
__Hfunctab                       functab      0000
__Hinit                          init         0000
__Hintentry                      intentry     0000
__Hmaintext                      maintext     0000
__Hpowerup                       powerup      0000
__Hram                           ram          0000
__Hreset_vec                     reset_vec    0000
__Hsfr0                          sfr0         0000
__Hsfr1                          sfr1         0000
__Hsfr2                          sfr2         0000
__Hsfr3                          sfr3         0000
__Hspace_0                       (abs)        0800
__Hspace_1                       (abs)        007E
__Hspace_2                       (abs)        0000
__Hspace_3                       (abs)        0000
__Hspace_4                       (abs)        400F
__Hstack                         stack        0000
__Hstrings                       strings      0000
__Htext                          text         0000
__Labs1                          abs1         0000
__Lbank0                         bank0        0000
__Lbank1                         bank1        0000
__Lbank2                         bank2        0000
__Lbank3                         bank3        0000
__Lcinit                         cinit        07FC
__Lclrtext                       clrtext      0000
__Lcode                          code         0000
__Lcommon                        common       0000
__Lconfig                        config       0000
__LcstackBANK0                   cstackBANK0  0000
__LcstackCOMMON                  cstackCOMMON 0000
__Leeprom_data                   eeprom_data  0000
__Lend_init                      end_init     0000
__Lfunctab                       functab      0000
__Linit                          init         0000
__Lintentry                      intentry     0000
__Lmaintext                      maintext     0000
__Lpowerup                       powerup      0000
__Lram                           ram          0000
__Lreset_vec                     reset_vec    0000
__Lsfr0                          sfr0         0000
__Lsfr1                          sfr1         0000
__Lsfr2                          sfr2         0000
__Lsfr3                          sfr3         0000
__Lspace_0                       (abs)        0000
__Lspace_1                       (abs)        0000
__Lspace_2                       (abs)        0000
__Lspace_3                       (abs)        0000
__Lspace_4                       (abs)        0000
__Lstack                         stack        0000
__Lstrings                       strings      0000
__Ltext                          text         0000
__S0                             (abs)        0800
__S1                             (abs)        007E
__S3                             (abs)        0000
__Umul8_16                       text14       0178
__Umul8_16@multiplicand          cstackCOMMON 0070
__Umul8_16@multiplier            cstackCOMMON 0078
__Umul8_16@product               cstackCOMMON 0074
__Umul8_16@word_mpld             cstackCOMMON 0076
___flmul                         text13       04B7
___flmul@a                       cstackBANK0  0024
___flmul@aexp                    cstackBANK0  0032
___flmul@b                       cstackBANK0  0020
___flmul@bexp                    cstackBANK0  0033
___flmul@grs                     cstackBANK0  002E
___flmul@prod                    cstackBANK0  0034
___flmul@sign                    cstackBANK0  002D
___flmul@temp                    cstackBANK0  0038
___fltol                         text12       0387
___fltol@exp1                    cstackBANK0  0043
___fltol@f1                      cstackBANK0  003A
___fltol@sign1                   cstackBANK0  0042
___int_sp                        stack        0000
___latbits                       (abs)        0002
___lwdiv                         text10       023E
___lwdiv@counter                 cstackCOMMON 0077
___lwdiv@dividend                cstackCOMMON 0072
___lwdiv@divisor                 cstackCOMMON 0070
___lwdiv@quotient                cstackCOMMON 0075
___lwmod                         text9        0204
___lwmod@counter                 cstackCOMMON 0075
___lwmod@dividend                cstackCOMMON 0072
___lwmod@divisor                 cstackCOMMON 0070
___sp                            stack        0000
___stackhi                       (abs)        0000
___stacklo                       (abs)        0000
___xxtofl                        text11       03FF
___xxtofl@arg                    cstackCOMMON 007A
___xxtofl@exp                    cstackCOMMON 0079
___xxtofl@sign                   cstackCOMMON 0078
___xxtofl@val                    cstackCOMMON 0070
__end_of__Umul8_16               text14       019F
__end_of___flmul                 text13       07FC
__end_of___fltol                 text12       03FF
__end_of___lwdiv                 text10       0282
__end_of___lwmod                 text9        023E
__end_of___xxtofl                text11       04B7
__end_of__initialization         cinit        07FC
__end_of__stringtab              strings      0013
__end_of_clcd_print              text7        01CE
__end_of_clcd_write              text8        0204
__end_of_display                 text6        02CE
__end_of_init_adc                text5        0138
__end_of_init_clcd               text3        0143
__end_of_init_config             text2        0159
__end_of_init_display_controller text4        0387
__end_of_main                    maintext     0324
__end_of_read_adc                text1        0178
__initialization                 cinit        07FC
__pcstackBANK0                   cstackBANK0  0020
__pcstackCOMMON                  cstackCOMMON 0070
__pmaintext                      maintext     02CE
__pstrings                       strings      0003
__ptext1                         text1        0159
__ptext10                        text10       023E
__ptext11                        text11       03FF
__ptext12                        text12       0387
__ptext13                        text13       04B7
__ptext14                        text14       0178
__ptext2                         text2        0143
__ptext3                         text3        0138
__ptext4                         text4        0324
__ptext5                         text5        0131
__ptext6                         text6        0282
__ptext7                         text7        019F
__ptext8                         text8        01CE
__ptext9                         text9        0204
__stringbase                     strings      0012
__stringtab                      strings      0003
_clcd_print                      text7        019F
_clcd_write                      text8        01CE
_display                         text6        0282
_init_adc                        text5        0131
_init_clcd                       text3        0138
_init_config                     text2        0143
_init_display_controller         text4        0324
_main                            maintext     02CE
_nDONE                           (abs)        00FA
_read_adc                        text1        0159
btemp                            (abs)        007E
clcd_print@addr                  cstackCOMMON 0076
clcd_print@str                   cstackCOMMON 0074
clcd_write@byte                  cstackCOMMON 0073
clcd_write@mode                  cstackCOMMON 0070
display@adc_reg_val              cstackCOMMON 0078
display@buff                     cstackBANK0  0020
display@i                        cstackBANK0  0025
end_of_initialization            cinit        07FC
intlevel0                        functab      0000
intlevel1                        functab      0000
intlevel2                        functab      0000
intlevel3                        functab      0000
intlevel4                        functab      0000
intlevel5                        functab      0000
main@adc_reg_val                 cstackBANK0  0044
main@x                           cstackBANK0  0046
read_adc@adc_reg_val             cstackCOMMON 0073
read_adc@channel2                cstackCOMMON 0075
reset_vec                        reset_vec    0000
start                            init         0000
start_initialization             cinit        07FC
wtemp0                           (abs)        007E


MODULE INFORMATION

Module		Function		Class		Link	Load	Size
C:\Program Files\Microchip\xc8\v2.40\pic\sources\c90\common\fltol.c
		___fltol       		CODE           	0387	0000	120

C:\Program Files\Microchip\xc8\v2.40\pic\sources\c90\common\fltol.c estimated size: 120

C:\Program Files\Microchip\xc8\v2.40\pic\sources\c90\common\sprcmul.c
		___flmul       		CODE           	04B7	0000	837

C:\Program Files\Microchip\xc8\v2.40\pic\sources\c90\common\sprcmul.c estimated size: 837

adc.c
		_init_adc      		CODE           	0131	0000	7
		_read_adc      		CODE           	0159	0000	31

adc.c estimated size: 38

C:\Program Files\Microchip\xc8\v2.40\pic\sources\c90\common\Umul8_16.c
		__Umul8_16     		CODE           	0178	0000	39

C:\Program Files\Microchip\xc8\v2.40\pic\sources\c90\common\Umul8_16.c estimated size: 39

C:\Program Files\Microchip\xc8\v2.40\pic\sources\c90\common\lwmod.c
		___lwmod       		CODE           	0204	0000	58

C:\Program Files\Microchip\xc8\v2.40\pic\sources\c90\common\lwmod.c estimated size: 58

shared
		__stringtab    		STRING         	0003	0000	16
		__initialization		CODE           	07FC	0000	1

shared estimated size: 17

clcd.c
		_clcd_write    		CODE           	01CE	0000	54
		_clcd_print    		CODE           	019F	0000	47
		_init_display_controller		CODE           	0324	0000	99
		_init_clcd     		CODE           	0138	0000	11

clcd.c estimated size: 211

main.c
		_display       		CODE           	0282	0000	76
		_main          		CODE           	02CE	0000	86
		_init_config   		CODE           	0143	0000	22

main.c estimated size: 184

C:\Program Files\Microchip\xc8\v2.40\pic\sources\c90\common\lwdiv.c
		___lwdiv       		CODE           	023E	0000	68

C:\Program Files\Microchip\xc8\v2.40\pic\sources\c90\common\lwdiv.c estimated size: 68

C:\Program Files\Microchip\xc8\v2.40\pic\sources\c90\common\xxtofl.c
		___xxtofl      		CODE           	03FF	0000	184

C:\Program Files\Microchip\xc8\v2.40\pic\sources\c90\common\xxtofl.c estimated size: 184

