Microchip MPLAB XC8 Compiler V2.45

Linker command line:

-W-3 \
  --edf=C:\Program Files\Microchip\xc8\v2.45\pic\dat\20230818022343_en.msgs \
  -cn -h+dist/default/production\MK-Driver.X.production.sym \
  --cmf=dist/default/production\MK-Driver.X.production.cmf -z -Q16F877A \
  -oC:\Users\RAKESH~1\AppData\Local\Temp\xcAsp9k.\driver_tmp_3.o \
  --defsym=__MPLAB_BUILD=1 --fixupoverflow=error \
  -Mdist/default/production/MK-Driver.X.production.map \
  --md=C:\Users\RAKESH~1\AppData\Local\Temp\xcAsp9k.\driver_tmp_0.dat -E1 \
  -ver=XC8 Compiler --acfsm=1493 -ACODE=00h-07FFhx4 -ASTRCODE=00h-01FFFh \
  -ASTRING=00h-0FFhx32 -ACONST=00h-0FFhx32 -AENTRY=00h-0FFhx32 \
  -ACOMMON=070h-07Fh -ABANK0=020h-06Fh -ABANK1=0A0h-0EFh \
  -ABANK2=0110h-016Fh -ABANK3=0190h-01EFh \
  -ARAM=020h-06Fh,0A0h-0EFh,0110h-016Fh,0190h-01EFh \
  -AABS1=020h-07Fh,0A0h-0EFh,0110h-016Fh,0190h-01EFh -ASFR0=00h-01Fh \
  -ASFR1=080h-09Fh -ASFR2=0100h-010Fh -ASFR3=0180h-018Fh \
  -ACONFIG=02007h-02007h -DCONFIG=2 -AIDLOC=02000h-02003h -DIDLOC=2 \
  -AEEDATA=00h-0FFh/02100h -peeprom_data=EEDATA -DEEDATA=2 -DCODE=2 \
  -DSTRCODE=2 -DSTRING=2 -DCONST=2 -DENTRY=2 \
  -preset_vec=00h,intentry,init,end_init -ppowerup=CODE -pcinit=CODE \
  -pfunctab=ENTRY -k \
  C:\Users\RAKESH~1\AppData\Local\Temp\xcAsp9k.\driver_tmp_12.o \
  dist/default/production\MK-Driver.X.production.o 

Object code version is 3.11

Machine type is 16F877A



                Name                               Link     Load   Length Selector   Space Scale
C:\Users\RAKESH~1\AppData\Local\Temp\xcAsp9k.\driver_tmp_12.o
                end_init                              0        0        3        0       0
                config                             2007     2007        1        0       4
                idloc                              2000     2000        4        0       5
dist/default/production\MK-Driver.X.production.o
                cinit                               7F6      7F6        A      FEC       0
                config                             2007     2007        1        0       4
                idloc                              2000     2000        4        0       5
                text10                              676      676       36      CEC       0
                text9                               64E      64E       28      C9C       0
                text8                               5F1      5F1       11      BE2       0
                text7                               6AC      6AC       3B      D58       0
                text6                               6E7      6E7       63      DCE       0
                text5                               5D6      5D6        B      BAC       0
                text4                               5E1      5E1       10      BC2       0
                text3                               602      602       13      C04       0
                text2                               74A      74A       AC      E94       0
                text1                               62B      62B       23      C56       0
                maintext                            615      615       16      C2A       0
                cstackCOMMON                         70       70        A       70       1
                dataCOMMON                           7A       7A        1       70       1
                strings                               3        3       2E        6       0
                idataCOMMON                         5D5      5D5        1      BAA       0

TOTAL           Name                               Link     Load   Length     Space
        CLASS   CODE           
                end_init                              0        0        3         0
                cinit                               7F6      7F6        A         0
                text10                              676      676       36         0
                text9                               64E      64E       28         0
                text8                               5F1      5F1       11         0
                text7                               6AC      6AC       3B         0
                text6                               6E7      6E7       63         0
                text5                               5D6      5D6        B         0
                text4                               5E1      5E1       10         0
                text3                               602      602       13         0
                text2                               74A      74A       AC         0
                text1                               62B      62B       23         0
                maintext                            615      615       16         0
                idataCOMMON                         5D5      5D5        1         0

        CLASS   STRCODE        

        CLASS   STRING         
                strings                               3        3       2E         0

        CLASS   CONST          

        CLASS   ENTRY          

        CLASS   COMMON         
                cstackCOMMON                         70       70        A         1
                dataCOMMON                           7A       7A        1         1

        CLASS   BANK0          

        CLASS   BANK1          

        CLASS   BANK2          

        CLASS   BANK3          

        CLASS   RAM            

        CLASS   ABS1           
                abs_s1                               7E       7E        2         1

        CLASS   SFR0           

        CLASS   SFR1           

        CLASS   SFR2           

        CLASS   SFR3           

        CLASS   CONFIG         
                config                             2007     2007        1         4

        CLASS   IDLOC          
                idloc                              2000     2000        4         5

        CLASS   EEDATA         

        CLASS   HEAP           

        CLASS   STACK          



SEGMENTS        Name                           Load    Length   Top    Selector   Space  Class     Delta

                reset_vec                      000000  000003  000003         0       0  CODE        2
                strings                        000003  00002E  000031         6       0  STRING      2
                cstackCOMMON                   000070  00000B  00007B        70       1  COMMON      1
                idataCOMMON                    0005D5  000001  0005D6       BAA       0  CODE        2
                text5                          0005D6  00000B  0005E1       BAC       0  CODE        2
                text4                          0005E1  000010  0005F1       BC2       0  CODE        2
                text8                          0005F1  000011  000602       BE2       0  CODE        2
                text3                          000602  000013  000615       C04       0  CODE        2
                maintext                       000615  000016  00062B       C2A       0  CODE        2
                text1                          00062B  000023  00064E       C56       0  CODE        2
                text9                          00064E  000028  000676       C9C       0  CODE        2
                text10                         000676  000036  0006AC       CEC       0  CODE        2
                text7                          0006AC  00003B  0006E7       D58       0  CODE        2
                text6                          0006E7  000063  00074A       DCE       0  CODE        2
                text2                          00074A  0000AC  0007F6       E94       0  CODE        2
                cinit                          0007F6  00000A  000800       FEC       0  CODE        2


UNUSED ADDRESS RANGES

        Name                Unused          Largest block    Delta
        BANK0            0020-006F             50           1
        BANK1            00A0-00EF             50           1
        BANK2            0110-016F             60           1
        BANK3            0190-01EF             60           1
        CODE             0031-05D4            5A4           2
                         0800-1FFF            800
        COMMON           007B-007D              3           1
        CONST            0031-05D4            100           2
                         0800-1FFF            100
        EEDATA           2100-21FF            100           2
        ENTRY            0031-05D4            100           2
                         0800-1FFF            100
        RAM              0020-006F             50           1
                         00A0-00EF             50
                         0110-016F             60
                         0190-01EF             60
        SFR0             0000-001F             20           1
        SFR1             0080-009F             20           1
        SFR2             0100-010F             10           1
        SFR3             0180-018F             10           1
        STRCODE          0031-05D4            5A4           2
                         0800-1FFF           1800
        STRING           0031-05D4            100           2
                         0800-1FFF            100

                                  Symbol Table

_PORTD                           (abs)        0008
_RB0                             (abs)        0030
_RB1                             (abs)        0031
_RB2                             (abs)        0032
_RD0                             (abs)        0040
_RD1                             (abs)        0041
_RD2                             (abs)        0042
_RD3                             (abs)        0043
_RE1                             (abs)        0049
_RE2                             (abs)        004A
_TRISB                           (abs)        0086
_TRISD                           (abs)        0088
_TRISE1                          (abs)        0449
_TRISE2                          (abs)        044A
__H__absolute__                  __absolute__ 0000
__Habs1                          abs1         0000
__Hbank0                         bank0        0000
__Hbank1                         bank1        0000
__Hbank2                         bank2        0000
__Hbank3                         bank3        0000
__Hcinit                         cinit        0800
__Hclrtext                       clrtext      0000
__Hcode                          code         0000
__Hcommon                        common       0000
__Hconfig                        config       2008
__HcstackCOMMON                  cstackCOMMON 0000
__HdataCOMMON                    dataCOMMON   0000
__Heeprom_data                   eeprom_data  0000
__Hend_init                      end_init     0003
__Hfunctab                       functab      0000
__Hheap                          heap         0000
__HidataCOMMON                   idataCOMMON  0000
__Hidloc                         idloc        2004
__Hinit                          init         0000
__Hintentry                      intentry     0000
__Hmaintext                      maintext     0000
__Hpowerup                       powerup      0000
__Hram                           ram          0000
__Hreset_vec                     reset_vec    0000
__Hsfr0                          sfr0         0000
__Hsfr1                          sfr1         0000
__Hsfr2                          sfr2         0000
__Hsfr3                          sfr3         0000
__Hspace_0                       (abs)        0800
__Hspace_1                       (abs)        007B
__Hspace_2                       (abs)        0000
__Hspace_3                       (abs)        0000
__Hspace_4                       (abs)        400F
__Hstack                         stack        0000
__Hstrings                       strings      0000
__Htext                          text         0000
__L__absolute__                  __absolute__ 0000
__Labs1                          abs1         0000
__Lbank0                         bank0        0000
__Lbank1                         bank1        0000
__Lbank2                         bank2        0000
__Lbank3                         bank3        0000
__Lcinit                         cinit        07F6
__Lclrtext                       clrtext      0000
__Lcode                          code         0000
__Lcommon                        common       0000
__Lconfig                        config       0000
__LcstackCOMMON                  cstackCOMMON 0000
__LdataCOMMON                    dataCOMMON   0000
__Leeprom_data                   eeprom_data  0000
__Lend_init                      end_init     0000
__Lfunctab                       functab      0000
__Lheap                          heap         0000
__LidataCOMMON                   idataCOMMON  0000
__Lidloc                         idloc        0000
__Linit                          init         0000
__Lintentry                      intentry     0000
__Lmaintext                      maintext     0000
__Lpowerup                       powerup      0000
__Lram                           ram          0000
__Lreset_vec                     reset_vec    0000
__Lsfr0                          sfr0         0000
__Lsfr1                          sfr1         0000
__Lsfr2                          sfr2         0000
__Lsfr3                          sfr3         0000
__Lspace_0                       (abs)        0000
__Lspace_1                       (abs)        0000
__Lspace_2                       (abs)        0000
__Lspace_3                       (abs)        0000
__Lspace_4                       (abs)        0000
__Lstack                         stack        0000
__Lstrings                       strings      0000
__Ltext                          text         0000
__S0                             (abs)        0800
__S1                             (abs)        007B
__S3                             (abs)        0000
___heap_hi                       (abs)        0000
___heap_lo                       (abs)        0000
___int_sp                        stack        0000
___int_stack_hi                  stack        0000
___int_stack_lo                  stack        0000
___latbits                       (abs)        0002
___sp                            stack        0000
___stack_hi                      stack        0000
___stack_lo                      stack        0000
___stackhi                       (abs)        0000
___stacklo                       (abs)        0000
__end_of__initialization         cinit        07FC
__end_of__stringtab              strings      0009
__end_of_clcd_print              text9        0676
__end_of_clcd_putch              text8        0602
__end_of_clcd_write              text10       06AC
__end_of_display                 text7        06E7
__end_of_init_clcd               text5        05E1
__end_of_init_config             text3        0615
__end_of_init_display_controller text6        074A
__end_of_init_matrix_keypad      text4        05F1
__end_of_main                    maintext     062B
__end_of_read_matrix_keypad      text1        064E
__end_of_scan_keypad             text2        07F6
__initialization                 cinit        07F6
__pcstackCOMMON                  cstackCOMMON 0070
__pdataCOMMON                    dataCOMMON   007A
__pidataCOMMON                   idataCOMMON  05D5
__pmaintext                      maintext     0615
__pstrings                       strings      0003
__ptext1                         text1        062B
__ptext10                        text10       0676
__ptext2                         text2        074A
__ptext3                         text3        0602
__ptext4                         text4        05E1
__ptext5                         text5        05D6
__ptext6                         text6        06E7
__ptext7                         text7        06AC
__ptext8                         text8        05F1
__ptext9                         text9        064E
__stringbase                     strings      0008
__stringtab                      strings      0003
_clcd_print                      text9        064E
_clcd_putch                      text8        05F1
_clcd_write                      text10       0676
_display                         text7        06AC
_init_clcd                       text5        05D6
_init_config                     text3        0602
_init_display_controller         text6        06E7
_init_matrix_keypad              text4        05E1
_main                            maintext     0615
_nRBPU                           (abs)        040F
_read_matrix_keypad              text1        062B
_scan_keypad                     text2        074A
btemp                            (abs)        007E
clcd_print@addr                  cstackCOMMON 0074
clcd_print@str                   cstackCOMMON 0075
clcd_putch@addr                  cstackCOMMON 0074
clcd_putch@data                  cstackCOMMON 0075
clcd_write@byte                  cstackCOMMON 0073
clcd_write@mode                  cstackCOMMON 0070
display@key                      cstackCOMMON 0078
end_of_initialization            cinit        07FC
intlevel0                        functab      0000
intlevel1                        functab      0000
intlevel2                        functab      0000
intlevel3                        functab      0000
intlevel4                        functab      0000
intlevel5                        functab      0000
main@key                         cstackCOMMON 0079
read_matrix_keypad@key           cstackCOMMON 0073
read_matrix_keypad@mode          cstackCOMMON 0072
read_matrix_keypad@once          dataCOMMON   007A
reset_vec                        reset_vec    0000
scan_keypad@i                    cstackCOMMON 0070
start                            init         0000
start_initialization             cinit        07F6
wtemp0                           (abs)        007E


MODULE INFORMATION

Module		Function		Class		Link	Load	Size
matrix_keypad.c
		_init_matrix_keypad		CODE           	05E1	0000	16
		_read_matrix_keypad		CODE           	062B	0000	35
		_scan_keypad   		CODE           	074A	0000	172

matrix_keypad.c estimated size: 223

shared
		__stringtab    		STRING         	0003	0000	6
		__initialization		CODE           	07F6	0000	6

shared estimated size: 12

clcd.c
		_clcd_write    		CODE           	0676	0000	54
		_clcd_print    		CODE           	064E	0000	40
		_clcd_putch    		CODE           	05F1	0000	17
		_init_display_controller		CODE           	06E7	0000	99
		_init_clcd     		CODE           	05D6	0000	11

clcd.c estimated size: 221

main.c
		_display       		CODE           	06AC	0000	59
		_main          		CODE           	0615	0000	22
		_init_config   		CODE           	0602	0000	19

main.c estimated size: 100

