Microchip MPLAB XC8 Compiler V2.45

Linker command line:

-W-3 \
  --edf=C:\Program Files\Microchip\xc8\v2.45\pic\dat\20230818022343_en.msgs \
  -cn -h+dist/default/debug\shift_clcd.X.debug.sym \
  --cmf=dist/default/debug\shift_clcd.X.debug.cmf -z -Q16F877A \
  -oC:\Users\RAKESH~1\AppData\Local\Temp\xcAsi0s.\driver_tmp_3.o \
  --defsym=__MPLAB_BUILD=1 --fixupoverflow=error \
  -Mdist/default/debug/shift_clcd.X.debug.map \
  --md=C:\Users\RAKESH~1\AppData\Local\Temp\xcAsi0s.\driver_tmp_0.dat -E1 \
  -ver=XC8 Compiler --acfsm=1493 -ACODE=00h-07FFhx4 -ASTRCODE=00h-01FFFh \
  -ASTRING=00h-0FFhx32 -ACONST=00h-0FFhx32 -AENTRY=00h-0FFhx32 \
  -ACOMMON=070h-07Fh -ABANK0=020h-06Fh -ABANK1=0A0h-0EFh \
  -ABANK2=0110h-016Fh -ABANK3=0190h-01EFh \
  -ARAM=020h-06Fh,0A0h-0EFh,0110h-016Fh,0190h-01EFh \
  -AABS1=020h-07Fh,0A0h-0EFh,0110h-016Fh,0190h-01EFh -ASFR0=00h-01Fh \
  -ASFR1=080h-09Fh -ASFR2=0100h-010Fh -ASFR3=0180h-018Fh \
  -ACONFIG=02007h-02007h -DCONFIG=2 -AIDLOC=02000h-02003h -DIDLOC=2 \
  -AEEDATA=00h-0FFh/02100h -peeprom_data=EEDATA -DEEDATA=2 -DCODE=2 \
  -DSTRCODE=2 -DSTRING=2 -DCONST=2 -DENTRY=2 \
  -preset_vec=00h,intentry,init,end_init -ppowerup=CODE -pcinit=CODE \
  -pfunctab=ENTRY -k \
  C:\Users\RAKESH~1\AppData\Local\Temp\xcAsi0s.\driver_tmp_12.o \
  dist/default/debug\shift_clcd.X.debug.o 

Object code version is 3.11

Machine type is 16F877A



                Name                               Link     Load   Length Selector   Space Scale
C:\Users\RAKESH~1\AppData\Local\Temp\xcAsi0s.\driver_tmp_12.o
                end_init                              0        0        3        0       0
                config                             2007     2007        1        0       4
dist/default/debug\shift_clcd.X.debug.o
                cinit                               7E8      7E8       18      FD0       0
                config                             2007     2007        1        0       4
                text7                               64A      64A       20      C94       0
                text6                               68E      68E       30      D1C       0
                text5                               60A      60A        6      C14       0
                text4                               6BE      6BE       5F      D7C       0
                text3                               610      610        B      C20       0
                text2                               61B      61B        B      C36       0
                text1                               66A      66A       24      CD4       0
                maintext                            71D      71D       CB      E3A       0
                cstackBANK0                          20       20       18       20       1
                cstackCOMMON                         70       70        B       70       1
                inittext                            637      637       13      C6E       0
                dataBANK0                            38       38       11       20       1
                dataCOMMON                           7B       7B        1       70       1
                strings                               3        3       48        6       0
                idataBANK0                          626      626       11      C4C       0
                idataCOMMON                         609      609        1      C12       0

TOTAL           Name                               Link     Load   Length     Space
        CLASS   CODE           
                end_init                              0        0        3         0
                cinit                               7E8      7E8       18         0
                text7                               64A      64A       20         0
                text6                               68E      68E       30         0
                text5                               60A      60A        6         0
                text4                               6BE      6BE       5F         0
                text3                               610      610        B         0
                text2                               61B      61B        B         0
                text1                               66A      66A       24         0
                maintext                            71D      71D       CB         0
                inittext                            637      637       13         0
                idataBANK0                          626      626       11         0
                idataCOMMON                         609      609        1         0

        CLASS   STRCODE        

        CLASS   STRING         
                strings                               3        3       48         0

        CLASS   CONST          

        CLASS   ENTRY          

        CLASS   COMMON         
                cstackCOMMON                         70       70        B         1
                dataCOMMON                           7B       7B        1         1

        CLASS   BANK0          
                cstackBANK0                          20       20       18         1
                dataBANK0                            38       38       11         1

        CLASS   BANK1          

        CLASS   BANK2          

        CLASS   BANK3          

        CLASS   RAM            

        CLASS   ABS1           
                abs_s1                               7E       7E        2         1

        CLASS   SFR0           

        CLASS   SFR1           

        CLASS   SFR2           

        CLASS   SFR3           

        CLASS   CONFIG         
                config                             2007     2007        1         4

        CLASS   IDLOC          

        CLASS   EEDATA         

        CLASS   HEAP           

        CLASS   STACK          



SEGMENTS        Name                           Load    Length   Top    Selector   Space  Class     Delta

                reset_vec                      000000  000003  000003         0       0  CODE        2
                strings                        000003  000048  00004B         6       0  STRING      2
                cstackBANK0                    000020  000029  000049        20       1  BANK0       1
                cstackCOMMON                   000070  00000C  00007C        70       1  COMMON      1
                idataCOMMON                    000609  000001  00060A       C12       0  CODE        2
                text5                          00060A  000006  000610       C14       0  CODE        2
                text3                          000610  00000B  00061B       C20       0  CODE        2
                text2                          00061B  00000B  000626       C36       0  CODE        2
                idataBANK0                     000626  000011  000637       C4C       0  CODE        2
                inittext                       000637  000013  00064A       C6E       0  CODE        2
                text7                          00064A  000020  00066A       C94       0  CODE        2
                text1                          00066A  000024  00068E       CD4       0  CODE        2
                text6                          00068E  000030  0006BE       D1C       0  CODE        2
                text4                          0006BE  00005F  00071D       D7C       0  CODE        2
                maintext                       00071D  0000CB  0007E8       E3A       0  CODE        2
                cinit                          0007E8  000018  000800       FD0       0  CODE        2


UNUSED ADDRESS RANGES

        Name                Unused          Largest block    Delta
        BANK0            0049-006F             27           1
        BANK1            00A0-00EF             50           1
        BANK2            0110-016F             60           1
        BANK3            0190-01EF             60           1
        CODE             004B-0608            5BE           2
                         0800-1FFF            800
        COMMON           007C-007D              2           1
        CONST            004B-0608            100           2
                         0800-1FFF            100
        EEDATA           2100-21FF            100           2
        ENTRY            004B-0608            100           2
                         0800-1FFF            100
        IDLOC            2000-2003              4           2
        RAM              0049-006F             27           1
                         00A0-00EF             50
                         0110-016F             60
                         0190-01EF             60
        SFR0             0000-001F             20           1
        SFR1             0080-009F             20           1
        SFR2             0100-010F             10           1
        SFR3             0180-018F             10           1
        STRCODE          004B-0608            5BE           2
                         0800-1FFF           1800
        STRING           004B-0608            100           2
                         0800-1FFF            100

                                  Symbol Table

_PORTB                           (abs)        0006
_PORTD                           (abs)        0008
_RE1                             (abs)        0049
_RE2                             (abs)        004A
_TRISB                           (abs)        0086
_TRISD                           (abs)        0088
_TRISE1                          (abs)        0449
_TRISE2                          (abs)        044A
__H__absolute__                  __absolute__ 0000
__Habs1                          abs1         0000
__Hbank0                         bank0        0000
__Hbank1                         bank1        0000
__Hbank2                         bank2        0000
__Hbank3                         bank3        0000
__Hcinit                         cinit        0800
__Hclrtext                       clrtext      0000
__Hcode                          code         0000
__Hcommon                        common       0000
__Hconfig                        config       2008
__HcstackBANK0                   cstackBANK0  0000
__HcstackCOMMON                  cstackCOMMON 0000
__HdataBANK0                     dataBANK0    0000
__HdataCOMMON                    dataCOMMON   0000
__Heeprom_data                   eeprom_data  0000
__Hend_init                      end_init     0003
__Hfunctab                       functab      0000
__Hheap                          heap         0000
__HidataBANK0                    idataBANK0   0000
__HidataCOMMON                   idataCOMMON  0000
__Hinit                          init         0000
__Hinittext                      inittext     0000
__Hintentry                      intentry     0000
__Hmaintext                      maintext     0000
__Hpowerup                       powerup      0000
__Hram                           ram          0000
__Hreset_vec                     reset_vec    0000
__Hsfr0                          sfr0         0000
__Hsfr1                          sfr1         0000
__Hsfr2                          sfr2         0000
__Hsfr3                          sfr3         0000
__Hspace_0                       (abs)        0800
__Hspace_1                       (abs)        007C
__Hspace_2                       (abs)        0000
__Hspace_3                       (abs)        0000
__Hspace_4                       (abs)        400F
__Hstack                         stack        0000
__Hstrings                       strings      0000
__Htext                          text         0000
__L__absolute__                  __absolute__ 0000
__Labs1                          abs1         0000
__Lbank0                         bank0        0000
__Lbank1                         bank1        0000
__Lbank2                         bank2        0000
__Lbank3                         bank3        0000
__Lcinit                         cinit        07E8
__Lclrtext                       clrtext      0000
__Lcode                          code         0000
__Lcommon                        common       0000
__Lconfig                        config       0000
__LcstackBANK0                   cstackBANK0  0000
__LcstackCOMMON                  cstackCOMMON 0000
__LdataBANK0                     dataBANK0    0000
__LdataCOMMON                    dataCOMMON   0000
__Leeprom_data                   eeprom_data  0000
__Lend_init                      end_init     0000
__Lfunctab                       functab      0000
__Lheap                          heap         0000
__LidataBANK0                    idataBANK0   0000
__LidataCOMMON                   idataCOMMON  0000
__Linit                          init         0000
__Linittext                      inittext     0000
__Lintentry                      intentry     0000
__Lmaintext                      maintext     0000
__Lpowerup                       powerup      0000
__Lram                           ram          0000
__Lreset_vec                     reset_vec    0000
__Lsfr0                          sfr0         0000
__Lsfr1                          sfr1         0000
__Lsfr2                          sfr2         0000
__Lsfr3                          sfr3         0000
__Lspace_0                       (abs)        0000
__Lspace_1                       (abs)        0000
__Lspace_2                       (abs)        0000
__Lspace_3                       (abs)        0000
__Lspace_4                       (abs)        0000
__Lstack                         stack        0000
__Lstrings                       strings      0000
__Ltext                          text         0000
__S0                             (abs)        0800
__S1                             (abs)        007C
__S3                             (abs)        0000
___heap_hi                       (abs)        0000
___heap_lo                       (abs)        0000
___int_sp                        stack        0000
___int_stack_hi                  stack        0000
___int_stack_lo                  stack        0000
___latbits                       (abs)        0002
___sp                            stack        0000
___stack_hi                      stack        0000
___stack_lo                      stack        0000
___stackhi                       (abs)        0000
___stacklo                       (abs)        0000
__end_of__initialization         cinit        07FC
__end_of__stringtab              strings      0013
__end_of_clcd_putstr             text6        06BE
__end_of_clcd_write              text7        066A
__end_of_init_config             text2        0626
__end_of_init_digital_keypad     text5        0610
__end_of_init_display            text3        061B
__end_of_init_display_controller text4        071D
__end_of_main                    maintext     07E8
__end_of_read_digital_keypad     text1        068E
__initialization                 cinit        07E8
__pcstackBANK0                   cstackBANK0  0020
__pcstackCOMMON                  cstackCOMMON 0070
__pdataBANK0                     dataBANK0    0038
__pdataCOMMON                    dataCOMMON   007B
__pidataBANK0                    idataBANK0   0626
__pidataCOMMON                   idataCOMMON  0609
__pmaintext                      maintext     071D
__pstrings                       strings      0003
__ptext1                         text1        066A
__ptext2                         text2        061B
__ptext3                         text3        0610
__ptext4                         text4        06BE
__ptext5                         text5        060A
__ptext6                         text6        068E
__ptext7                         text7        064A
__stringbase                     strings      0012
__stringtab                      strings      0003
_clcd_putstr                     text6        068E
_clcd_write                      text7        064A
_init_config                     text2        061B
_init_digital_keypad             text5        060A
_init_display                    text3        0610
_init_display_controller         text4        06BE
_main                            maintext     071D
_read_digital_keypad             text1        066A
btemp                            (abs)        007E
clcd_putstr@addr                 cstackCOMMON 0076
clcd_putstr@str                  cstackCOMMON 0074
clcd_write@byte                  cstackCOMMON 0070
clcd_write@mode                  cstackCOMMON 0073
end_of_initialization            cinit        07FC
init_fetch0                      inittext     0637
init_ram0                        inittext     063B
intlevel0                        functab      0000
intlevel1                        functab      0000
intlevel2                        functab      0000
intlevel3                        functab      0000
intlevel4                        functab      0000
intlevel5                        functab      0000
main@F1189                       dataBANK0    0038
main@i                           cstackBANK0  0034
main@i_58                        cstackBANK0  0036
main@key                         cstackBANK0  0031
main@prekey                      cstackBANK0  0032
main@str                         cstackBANK0  0020
main@temp                        cstackBANK0  0033
read_digital_keypad@mode         cstackCOMMON 0071
read_digital_keypad@once         dataCOMMON   007B
reset_vec                        reset_vec    0000
start                            init         0000
start_initialization             cinit        07E8
wtemp0                           (abs)        007E


MODULE INFORMATION

Module		Function		Class		Link	Load	Size
digital_keypad.c
		_init_digital_keypad		CODE           	060A	0000	6
		_read_digital_keypad		CODE           	066A	0000	36

digital_keypad.c estimated size: 42

shared
		__stringtab    		STRING         	0003	0000	16
		__initialization		CODE           	07E8	0000	20

shared estimated size: 36

clcd.c
		_clcd_write    		CODE           	064A	0000	32
		_init_display  		CODE           	0610	0000	11
		_init_display_controller		CODE           	06BE	0000	95
		_clcd_putstr   		CODE           	068E	0000	48

clcd.c estimated size: 186

main.c
		_main          		CODE           	071D	0000	203
		_init_config   		CODE           	061B	0000	11

main.c estimated size: 214

