Microchip MPLAB XC8 Compiler V2.45

Linker command line:

-W-3 \
  --edf=C:\Program Files\Microchip\xc8\v2.45\pic\dat\20230818022343_en.msgs \
  -cn -h+dist/default/production\mobile_num.X.production.sym \
  --cmf=dist/default/production\mobile_num.X.production.cmf -z -Q16F877A \
  -oC:\Users\RAKESH~1\AppData\Local\Temp\xcAs5s0.\driver_tmp_3.o \
  --defsym=__MPLAB_BUILD=1 --fixupoverflow=error \
  -Mdist/default/production/mobile_num.X.production.map \
  --md=C:\Users\RAKESH~1\AppData\Local\Temp\xcAs5s0.\driver_tmp_0.dat -E1 \
  -ver=XC8 Compiler --acfsm=1493 -ACODE=00h-07FFhx4 -ASTRCODE=00h-01FFFh \
  -ASTRING=00h-0FFhx32 -ACONST=00h-0FFhx32 -AENTRY=00h-0FFhx32 \
  -ACOMMON=070h-07Fh -ABANK0=020h-06Fh -ABANK1=0A0h-0EFh \
  -ABANK2=0110h-016Fh -ABANK3=0190h-01EFh \
  -ARAM=020h-06Fh,0A0h-0EFh,0110h-016Fh,0190h-01EFh \
  -AABS1=020h-07Fh,0A0h-0EFh,0110h-016Fh,0190h-01EFh -ASFR0=00h-01Fh \
  -ASFR1=080h-09Fh -ASFR2=0100h-010Fh -ASFR3=0180h-018Fh \
  -ACONFIG=02007h-02007h -DCONFIG=2 -AIDLOC=02000h-02003h -DIDLOC=2 \
  -AEEDATA=00h-0FFh/02100h -peeprom_data=EEDATA -DEEDATA=2 -DCODE=2 \
  -DSTRCODE=2 -DSTRING=2 -DCONST=2 -DENTRY=2 \
  -preset_vec=00h,intentry,init,end_init -ppowerup=CODE -pcinit=CODE \
  -pfunctab=ENTRY -k \
  C:\Users\RAKESH~1\AppData\Local\Temp\xcAs5s0.\driver_tmp_12.o \
  dist/default/production\mobile_num.X.production.o 

Object code version is 3.11

Machine type is 16F877A



                Name                               Link     Load   Length Selector   Space Scale
C:\Users\RAKESH~1\AppData\Local\Temp\xcAs5s0.\driver_tmp_12.o
                end_init                              0        0        3        0       0
                config                             2007     2007        1        0       4
dist/default/production\mobile_num.X.production.o
                cinit                               7F6      7F6        A      FEC       0
                config                             2007     2007        1        0       4
                text10                              65F      65F       36      CBE       0
                text9                               5D6      5D6       12      BAC       0
                text8                               60D      60D       29      C1A       0
                text7                               695      695       4B      D2A       0
                text6                               6E0      6E0       6A      DC0       0
                text5                               5B0      5B0        B      B60       0
                text4                               5C6      5C6       10      B8C       0
                text3                               5BB      5BB        B      B76       0
                text2                               74A      74A       AC      E94       0
                text1                               636      636       29      C6C       0
                maintext                            5E8      5E8       25      BD0       0
                cstackCOMMON                         70       70        C       70       1
                dataCOMMON                           7C       7C        1       70       1
                strings                               3        3       3E        6       0
                idataCOMMON                         5AF      5AF        1      B5E       0

TOTAL           Name                               Link     Load   Length     Space
        CLASS   CODE           
                end_init                              0        0        3         0
                cinit                               7F6      7F6        A         0
                text10                              65F      65F       36         0
                text9                               5D6      5D6       12         0
                text8                               60D      60D       29         0
                text7                               695      695       4B         0
                text6                               6E0      6E0       6A         0
                text5                               5B0      5B0        B         0
                text4                               5C6      5C6       10         0
                text3                               5BB      5BB        B         0
                text2                               74A      74A       AC         0
                text1                               636      636       29         0
                maintext                            5E8      5E8       25         0
                idataCOMMON                         5AF      5AF        1         0

        CLASS   STRCODE        

        CLASS   STRING         
                strings                               3        3       3E         0

        CLASS   CONST          

        CLASS   ENTRY          

        CLASS   COMMON         
                cstackCOMMON                         70       70        C         1
                dataCOMMON                           7C       7C        1         1

        CLASS   BANK0          

        CLASS   BANK1          

        CLASS   BANK2          

        CLASS   BANK3          

        CLASS   RAM            

        CLASS   ABS1           
                abs_s1                               7E       7E        2         1

        CLASS   SFR0           

        CLASS   SFR1           

        CLASS   SFR2           

        CLASS   SFR3           

        CLASS   CONFIG         
                config                             2007     2007        1         4

        CLASS   IDLOC          

        CLASS   EEDATA         

        CLASS   HEAP           

        CLASS   STACK          



SEGMENTS        Name                           Load    Length   Top    Selector   Space  Class     Delta

                reset_vec                      000000  000003  000003         0       0  CODE        2
                strings                        000003  00003E  000041         6       0  STRING      2
                cstackCOMMON                   000070  00000D  00007D        70       1  COMMON      1
                idataCOMMON                    0005AF  000001  0005B0       B5E       0  CODE        2
                text5                          0005B0  00000B  0005BB       B60       0  CODE        2
                text3                          0005BB  00000B  0005C6       B76       0  CODE        2
                text4                          0005C6  000010  0005D6       B8C       0  CODE        2
                text9                          0005D6  000012  0005E8       BAC       0  CODE        2
                maintext                       0005E8  000025  00060D       BD0       0  CODE        2
                text8                          00060D  000029  000636       C1A       0  CODE        2
                text1                          000636  000029  00065F       C6C       0  CODE        2
                text10                         00065F  000036  000695       CBE       0  CODE        2
                text7                          000695  00004B  0006E0       D2A       0  CODE        2
                text6                          0006E0  00006A  00074A       DC0       0  CODE        2
                text2                          00074A  0000AC  0007F6       E94       0  CODE        2
                cinit                          0007F6  00000A  000800       FEC       0  CODE        2


UNUSED ADDRESS RANGES

        Name                Unused          Largest block    Delta
        BANK0            0020-006F             50           1
        BANK1            00A0-00EF             50           1
        BANK2            0110-016F             60           1
        BANK3            0190-01EF             60           1
        CODE             0041-05AE            56E           2
                         0800-1FFF            800
        COMMON           007D-007D              1           1
        CONST            0041-05AE            100           2
                         0800-1FFF            100
        EEDATA           2100-21FF            100           2
        ENTRY            0041-05AE            100           2
                         0800-1FFF            100
        IDLOC            2000-2003              4           2
        RAM              0020-006F             50           1
                         00A0-00EF             50
                         0110-016F             60
                         0190-01EF             60
        SFR0             0000-001F             20           1
        SFR1             0080-009F             20           1
        SFR2             0100-010F             10           1
        SFR3             0180-018F             10           1
        STRCODE          0041-05AE            56E           2
                         0800-1FFF           1800
        STRING           0041-05AE            100           2
                         0800-1FFF            100

                                  Symbol Table

_PORTD                           (abs)        0008
_RB0                             (abs)        0030
_RB1                             (abs)        0031
_RB2                             (abs)        0032
_RD0                             (abs)        0040
_RD1                             (abs)        0041
_RD2                             (abs)        0042
_RD3                             (abs)        0043
_RE1                             (abs)        0049
_RE2                             (abs)        004A
_TRISB                           (abs)        0086
_TRISD                           (abs)        0088
_TRISE1                          (abs)        0449
_TRISE2                          (abs)        044A
__H__absolute__                  __absolute__ 0000
__Habs1                          abs1         0000
__Hbank0                         bank0        0000
__Hbank1                         bank1        0000
__Hbank2                         bank2        0000
__Hbank3                         bank3        0000
__Hcinit                         cinit        0800
__Hclrtext                       clrtext      0000
__Hcode                          code         0000
__Hcommon                        common       0000
__Hconfig                        config       2008
__HcstackCOMMON                  cstackCOMMON 0000
__HdataCOMMON                    dataCOMMON   0000
__Heeprom_data                   eeprom_data  0000
__Hend_init                      end_init     0003
__Hfunctab                       functab      0000
__Hheap                          heap         0000
__HidataCOMMON                   idataCOMMON  0000
__Hinit                          init         0000
__Hintentry                      intentry     0000
__Hmaintext                      maintext     0000
__Hpowerup                       powerup      0000
__Hram                           ram          0000
__Hreset_vec                     reset_vec    0000
__Hsfr0                          sfr0         0000
__Hsfr1                          sfr1         0000
__Hsfr2                          sfr2         0000
__Hsfr3                          sfr3         0000
__Hspace_0                       (abs)        0800
__Hspace_1                       (abs)        007D
__Hspace_2                       (abs)        0000
__Hspace_3                       (abs)        0000
__Hspace_4                       (abs)        400F
__Hstack                         stack        0000
__Hstrings                       strings      0000
__Htext                          text         0000
__L__absolute__                  __absolute__ 0000
__Labs1                          abs1         0000
__Lbank0                         bank0        0000
__Lbank1                         bank1        0000
__Lbank2                         bank2        0000
__Lbank3                         bank3        0000
__Lcinit                         cinit        07F6
__Lclrtext                       clrtext      0000
__Lcode                          code         0000
__Lcommon                        common       0000
__Lconfig                        config       0000
__LcstackCOMMON                  cstackCOMMON 0000
__LdataCOMMON                    dataCOMMON   0000
__Leeprom_data                   eeprom_data  0000
__Lend_init                      end_init     0000
__Lfunctab                       functab      0000
__Lheap                          heap         0000
__LidataCOMMON                   idataCOMMON  0000
__Linit                          init         0000
__Lintentry                      intentry     0000
__Lmaintext                      maintext     0000
__Lpowerup                       powerup      0000
__Lram                           ram          0000
__Lreset_vec                     reset_vec    0000
__Lsfr0                          sfr0         0000
__Lsfr1                          sfr1         0000
__Lsfr2                          sfr2         0000
__Lsfr3                          sfr3         0000
__Lspace_0                       (abs)        0000
__Lspace_1                       (abs)        0000
__Lspace_2                       (abs)        0000
__Lspace_3                       (abs)        0000
__Lspace_4                       (abs)        0000
__Lstack                         stack        0000
__Lstrings                       strings      0000
__Ltext                          text         0000
__S0                             (abs)        0800
__S1                             (abs)        007D
__S3                             (abs)        0000
___heap_hi                       (abs)        0000
___heap_lo                       (abs)        0000
___int_sp                        stack        0000
___int_stack_hi                  stack        0000
___int_stack_lo                  stack        0000
___latbits                       (abs)        0002
___sp                            stack        0000
___stack_hi                      stack        0000
___stack_lo                      stack        0000
___stackhi                       (abs)        0000
___stacklo                       (abs)        0000
__end_of__initialization         cinit        07FC
__end_of__stringtab              strings      0009
__end_of_clcd_putch              text9        05E8
__end_of_clcd_putstr             text8        0636
__end_of_clcd_write              text10       0695
__end_of_display                 text7        06E0
__end_of_init_config             text3        05C6
__end_of_init_display            text5        05BB
__end_of_init_display_controller text6        074A
__end_of_init_matrix_keypad      text4        05D6
__end_of_main                    maintext     060D
__end_of_read_matrix_key         text1        065F
__end_of_scan_keypad             text2        07F6
__initialization                 cinit        07F6
__pcstackCOMMON                  cstackCOMMON 0070
__pdataCOMMON                    dataCOMMON   007C
__pidataCOMMON                   idataCOMMON  05AF
__pmaintext                      maintext     05E8
__pstrings                       strings      0003
__ptext1                         text1        0636
__ptext10                        text10       065F
__ptext2                         text2        074A
__ptext3                         text3        05BB
__ptext4                         text4        05C6
__ptext5                         text5        05B0
__ptext6                         text6        06E0
__ptext7                         text7        0695
__ptext8                         text8        060D
__ptext9                         text9        05D6
__stringbase                     strings      0008
__stringtab                      strings      0003
_clcd_putch                      text9        05D6
_clcd_putstr                     text8        060D
_clcd_write                      text10       065F
_display                         text7        0695
_init_config                     text3        05BB
_init_display                    text5        05B0
_init_display_controller         text6        06E0
_init_matrix_keypad              text4        05C6
_main                            maintext     05E8
_nRBPU                           (abs)        040F
_read_matrix_key                 text1        0636
_scan_keypad                     text2        074A
btemp                            (abs)        007E
clcd_putch@addr                  cstackCOMMON 0074
clcd_putch@data                  cstackCOMMON 0075
clcd_putstr@addr                 cstackCOMMON 0074
clcd_putstr@str                  cstackCOMMON 0075
clcd_write@byte                  cstackCOMMON 0070
clcd_write@mode                  cstackCOMMON 0073
display@key                      cstackCOMMON 0078
end_of_initialization            cinit        07FC
intlevel0                        functab      0000
intlevel1                        functab      0000
intlevel2                        functab      0000
intlevel3                        functab      0000
intlevel4                        functab      0000
intlevel5                        functab      0000
main@key                         cstackCOMMON 007B
main@prekey                      cstackCOMMON 007A
read_matrix_key@key              cstackCOMMON 0079
read_matrix_key@mode             cstackCOMMON 0078
read_matrix_key@once             dataCOMMON   007C
reset_vec                        reset_vec    0000
scan_keypad@i                    cstackCOMMON 0070
scan_keypad@i_112                cstackCOMMON 0072
scan_keypad@i_113                cstackCOMMON 0074
scan_keypad@i_114                cstackCOMMON 0076
start                            init         0000
start_initialization             cinit        07F6
wtemp0                           (abs)        007E


MODULE INFORMATION

Module		Function		Class		Link	Load	Size
matrix_keypad.c
		_init_matrix_keypad		CODE           	05C6	0000	16
		_read_matrix_key		CODE           	0636	0000	41
		_scan_keypad   		CODE           	074A	0000	172

matrix_keypad.c estimated size: 229

shared
		__stringtab    		STRING         	0003	0000	6
		__initialization		CODE           	07F6	0000	6

shared estimated size: 12

clcd.c
		_clcd_write    		CODE           	065F	0000	54
		_init_display  		CODE           	05B0	0000	11
		_clcd_putch    		CODE           	05D6	0000	18
		_init_display_controller		CODE           	06E0	0000	106
		_clcd_putstr   		CODE           	060D	0000	41

clcd.c estimated size: 230

main.c
		_display       		CODE           	0695	0000	75
		_main          		CODE           	05E8	0000	37
		_init_config   		CODE           	05BB	0000	11

main.c estimated size: 123

