Microchip MPLAB XC8 Compiler V2.45

Linker command line:

-W-3 \
  --edf=C:\Program Files\Microchip\xc8\v2.45\pic\dat\20230818022343_en.msgs \
  -cn -h+dist/default/production\A12_Password.X.production.sym \
  --cmf=dist/default/production\A12_Password.X.production.cmf -z -Q16F877A \
  -oC:\Users\RAKESH~1\AppData\Local\Temp\xcAs8rg.\driver_tmp_3.o \
  --defsym=__MPLAB_BUILD=1 --fixupoverflow=error \
  -Mdist/default/production/A12_Password.X.production.map \
  --md=C:\Users\RAKESH~1\AppData\Local\Temp\xcAs8rg.\driver_tmp_0.dat -E1 \
  -ver=XC8 Compiler --acfsm=1493 -ACODE=00h-07FFhx4 -ASTRCODE=00h-01FFFh \
  -ASTRING=00h-0FFhx32 -ACONST=00h-0FFhx32 -AENTRY=00h-0FFhx32 \
  -ACOMMON=070h-07Fh -ABANK0=020h-06Fh -ABANK1=0A0h-0EFh \
  -ABANK2=0110h-016Fh -ABANK3=0190h-01EFh \
  -ARAM=020h-06Fh,0A0h-0EFh,0110h-016Fh,0190h-01EFh \
  -AABS1=020h-07Fh,0A0h-0EFh,0110h-016Fh,0190h-01EFh -ASFR0=00h-01Fh \
  -ASFR1=080h-09Fh -ASFR2=0100h-010Fh -ASFR3=0180h-018Fh \
  -ACONFIG=02007h-02007h -DCONFIG=2 -AIDLOC=02000h-02003h -DIDLOC=2 \
  -AEEDATA=00h-0FFh/02100h -peeprom_data=EEDATA -DEEDATA=2 -DCODE=2 \
  -DSTRCODE=2 -DSTRING=2 -DCONST=2 -DENTRY=2 \
  -preset_vec=00h,intentry=04h,init,end_init -ppowerup=CODE -pcinit=CODE \
  -pfunctab=ENTRY -k \
  C:\Users\RAKESH~1\AppData\Local\Temp\xcAs8rg.\driver_tmp_12.o \
  dist/default/production\A12_Password.X.production.o 

Object code version is 3.11

Machine type is 16F877A



                Name                               Link     Load   Length Selector   Space Scale
C:\Users\RAKESH~1\AppData\Local\Temp\xcAs8rg.\driver_tmp_12.o
                end_init                              E        E        3        8       0
                reset_vec                             0        0        3        0       0
                config                             2007     2007        1        0       4
dist/default/production\A12_Password.X.production.o
                cinit                                11       11       2D        8       0
                intentry                              4        4        A        8       0
                config                             2007     2007        1        0       4
                text13                              36F      36F       67      6DE       0
                text12                              452      452       36      6DE       0
                text11                              414      414       3E      6DE       0
                text10                              488      488       33      6DE       0
                text9                               4FB      4FB       15      6DE       0
                text8                               3D6      3D6       3E      6DE       0
                text7                               288      288       7F        8       0
                text6                               520      520        B      6DE       0
                text5                               510      510       10      6DE       0
                text4                               52B      52B        9      6DE       0
                text3                               4E2      4E2       19      6DE       0
                text2                               1E4      1E4       A4        8       0
                text1                               4BB      4BB       27      6DE       0
                maintext                             3E       3E      1A6        8       0
                cstackBANK0                          3A       3A        F       20       1
                cstackCOMMON                         70       70        B       70       1
                clrtext                             534      534        8      6DE       0
                dataBANK0                            49       49        5       20       1
                bssBANK0                             20       20       1A       20       1
                bssCOMMON                            7B       7B        2       70       1
                strings                             307      307       68      60E       0
                idataBANK0                          53C      53C        5      6DE       0

TOTAL           Name                               Link     Load   Length     Space
        CLASS   CODE           
                end_init                              E        E        3         0
                cinit                                11       11       2D         0
                intentry                              4        4        A         0
                reset_vec                             0        0        3         0
                text13                              36F      36F       67         0
                text12                              452      452       36         0
                text11                              414      414       3E         0
                text10                              488      488       33         0
                text9                               4FB      4FB       15         0
                text8                               3D6      3D6       3E         0
                text7                               288      288       7F         0
                text6                               520      520        B         0
                text5                               510      510       10         0
                text4                               52B      52B        9         0
                text3                               4E2      4E2       19         0
                text2                               1E4      1E4       A4         0
                text1                               4BB      4BB       27         0
                maintext                             3E       3E      1A6         0
                clrtext                             534      534        8         0
                idataBANK0                          53C      53C        5         0

        CLASS   STRCODE        

        CLASS   STRING         
                strings                             307      307       68         0

        CLASS   CONST          

        CLASS   ENTRY          

        CLASS   COMMON         
                cstackCOMMON                         70       70        B         1
                bssCOMMON                            7B       7B        2         1

        CLASS   BANK0          
                cstackBANK0                          3A       3A        F         1
                dataBANK0                            49       49        5         1
                bssBANK0                             20       20       1A         1

        CLASS   BANK1          

        CLASS   BANK2          

        CLASS   BANK3          

        CLASS   RAM            

        CLASS   ABS1           
                abs_s1                               7E       7E        2         1

        CLASS   SFR0           

        CLASS   SFR1           

        CLASS   SFR2           

        CLASS   SFR3           

        CLASS   CONFIG         
                config                             2007     2007        1         4

        CLASS   IDLOC          

        CLASS   EEDATA         

        CLASS   HEAP           

        CLASS   STACK          



SEGMENTS        Name                           Load    Length   Top    Selector   Space  Class     Delta

                reset_vec                      000000  000003  000003         0       0  CODE        2
                intentry                       000004  000303  000307         8       0  CODE        2
                bssBANK0                       000020  00002E  00004E        20       1  BANK0       1
                cstackCOMMON                   000070  00000D  00007D        70       1  COMMON      1
                strings                        000307  000068  00036F       60E       0  STRING      2
                text13                         00036F  0001D2  000541       6DE       0  CODE        2


UNUSED ADDRESS RANGES

        Name                Unused          Largest block    Delta
        BANK0            004E-006F             22           1
        BANK1            00A0-00EF             50           1
        BANK2            0110-016F             60           1
        BANK3            0190-01EF             60           1
        CODE             0003-0003              1           2
                         0541-1FFF            800
        COMMON           007D-007D              1           1
        CONST            0003-0003              1           2
                         0541-1FFF            100
        EEDATA           2100-21FF            100           2
        ENTRY            0003-0003              1           2
                         0541-1FFF            100
        IDLOC            2000-2003              4           2
        RAM              004E-006F             22           1
                         00A0-00EF             50
                         0110-016F             60
                         0190-01EF             60
        SFR0             0000-001F             20           1
        SFR1             0080-009F             20           1
        SFR2             0100-010F             10           1
        SFR3             0180-018F             10           1
        STRCODE          0003-0003              1           2
                         0541-1FFF           1ABF
        STRING           0003-0003              1           2
                         0541-1FFF            100

                                  Symbol Table

?___awdiv                        cstackCOMMON 0070
_GIE                             (abs)        005F
_PORTB                           (abs)        0006
_PORTD                           (abs)        0008
_PSA                             (abs)        040B
_RB0                             (abs)        0030
_RB1                             (abs)        0031
_RB2                             (abs)        0032
_RB7                             (abs)        0037
_RD0                             (abs)        0040
_RD1                             (abs)        0041
_RD2                             (abs)        0042
_RD3                             (abs)        0043
_RE1                             (abs)        0049
_RE2                             (abs)        004A
_T0CS                            (abs)        040D
_TMR0                            (abs)        0001
_TMR0IE                          (abs)        005D
_TMR0IF                          (abs)        005A
_TRISB                           (abs)        0086
_TRISB7                          (abs)        0437
_TRISD                           (abs)        0088
_TRISE1                          (abs)        0449
_TRISE2                          (abs)        044A
__H__absolute__                  __absolute__ 0000
__Habs1                          abs1         0000
__Hbank0                         bank0        0000
__Hbank1                         bank1        0000
__Hbank2                         bank2        0000
__Hbank3                         bank3        0000
__HbssBANK0                      bssBANK0     0000
__HbssCOMMON                     bssCOMMON    0000
__Hcinit                         cinit        003E
__Hclrtext                       clrtext      0000
__Hcode                          code         0000
__Hcommon                        common       0000
__Hconfig                        config       2008
__HcstackBANK0                   cstackBANK0  0000
__HcstackCOMMON                  cstackCOMMON 0000
__HdataBANK0                     dataBANK0    0000
__Heeprom_data                   eeprom_data  0000
__Hend_init                      end_init     0011
__Hfunctab                       functab      0000
__Hheap                          heap         0000
__HidataBANK0                    idataBANK0   0000
__Hinit                          init         000E
__Hintentry                      intentry     000E
__Hmaintext                      maintext     0000
__Hpowerup                       powerup      0000
__Hram                           ram          0000
__Hreset_vec                     reset_vec    0003
__Hsfr0                          sfr0         0000
__Hsfr1                          sfr1         0000
__Hsfr2                          sfr2         0000
__Hsfr3                          sfr3         0000
__Hspace_0                       (abs)        0541
__Hspace_1                       (abs)        007D
__Hspace_2                       (abs)        0000
__Hspace_3                       (abs)        0000
__Hspace_4                       (abs)        400F
__Hstack                         stack        0000
__Hstrings                       strings      0000
__Htext                          text         0000
__L__absolute__                  __absolute__ 0000
__Labs1                          abs1         0000
__Lbank0                         bank0        0000
__Lbank1                         bank1        0000
__Lbank2                         bank2        0000
__Lbank3                         bank3        0000
__LbssBANK0                      bssBANK0     0000
__LbssCOMMON                     bssCOMMON    0000
__Lcinit                         cinit        0011
__Lclrtext                       clrtext      0000
__Lcode                          code         0000
__Lcommon                        common       0000
__Lconfig                        config       0000
__LcstackBANK0                   cstackBANK0  0000
__LcstackCOMMON                  cstackCOMMON 0000
__LdataBANK0                     dataBANK0    0000
__Leeprom_data                   eeprom_data  0000
__Lend_init                      end_init     000E
__Lfunctab                       functab      0000
__Lheap                          heap         0000
__LidataBANK0                    idataBANK0   0000
__Linit                          init         000E
__Lintentry                      intentry     0004
__Lmaintext                      maintext     0000
__Lpowerup                       powerup      0000
__Lram                           ram          0000
__Lreset_vec                     reset_vec    0000
__Lsfr0                          sfr0         0000
__Lsfr1                          sfr1         0000
__Lsfr2                          sfr2         0000
__Lsfr3                          sfr3         0000
__Lspace_0                       (abs)        0000
__Lspace_1                       (abs)        0000
__Lspace_2                       (abs)        0000
__Lspace_3                       (abs)        0000
__Lspace_4                       (abs)        0000
__Lstack                         stack        0000
__Lstrings                       strings      0000
__Ltext                          text         0000
__S0                             (abs)        0541
__S1                             (abs)        007D
__S3                             (abs)        0000
___awdiv                         text13       036F
___awdiv@counter                 cstackCOMMON 0074
___awdiv@dividend                cstackCOMMON 0072
___awdiv@divisor                 cstackCOMMON 0070
___awdiv@quotient                cstackCOMMON 0076
___awdiv@sign                    cstackCOMMON 0075
___heap_hi                       (abs)        0000
___heap_lo                       (abs)        0000
___int_sp                        stack        0000
___int_stack_hi                  stack        0000
___int_stack_lo                  stack        0000
___latbits                       (abs)        0002
___sp                            stack        0000
___stack_hi                      stack        0000
___stack_lo                      stack        0000
___stackhi                       (abs)        0000
___stacklo                       (abs)        0000
__end_of___awdiv                 text13       03D6
__end_of__initialization         cinit        003A
__end_of__stringtab              strings      0317
__end_of_clcd_print              text10       04BB
__end_of_clcd_putch              text9        0510
__end_of_clcd_write              text8        0414
__end_of_clcd_write@clcd$F103    text11       0452
__end_of_init_clcd               text6        052B
__end_of_init_config             text3        04FB
__end_of_init_display_controller text7        0307
__end_of_init_matrix_keypad      text5        0520
__end_of_init_timer0             text4        0534
__end_of_isr                     text12       0488
__end_of_main                    maintext     01E4
__end_of_read_matrix_keypad      text1        04E2
__end_of_scan_keypad             text2        0288
__initialization                 cinit        0011
__pbssBANK0                      bssBANK0     0020
__pbssCOMMON                     bssCOMMON    007B
__pcstackBANK0                   cstackBANK0  003A
__pcstackCOMMON                  cstackCOMMON 0070
__pdataBANK0                     dataBANK0    0049
__pidataBANK0                    idataBANK0   053C
__pintentry                      intentry     0004
__pmaintext                      maintext     003E
__pstrings                       strings      0307
__ptext1                         text1        04BB
__ptext10                        text10       0488
__ptext11                        text11       0414
__ptext12                        text12       0452
__ptext13                        text13       036F
__ptext2                         text2        01E4
__ptext3                         text3        04E2
__ptext4                         text4        052B
__ptext5                         text5        0510
__ptext6                         text6        0520
__ptext7                         text7        0288
__ptext8                         text8        03D6
__ptext9                         text9        04FB
__stringbase                     strings      0316
__stringtab                      strings      0307
_clcd_print                      text10       0488
_clcd_putch                      text9        04FB
_clcd_write                      text8        03D6
_clcd_write@clcd$F103            text11       0414
_init_clcd                       text6        0520
_init_config                     text3        04E2
_init_display_controller         text7        0288
_init_matrix_keypad              text5        0510
_init_timer0                     text4        052B
_isr                             text12       0452
_main                            maintext     003E
_nRBPU                           (abs)        040F
_read_matrix_keypad              text1        04BB
_scan_keypad                     text2        01E4
_sigma                           bssBANK0     0038
btemp                            (abs)        007E
clcd_print@addr                  cstackBANK0  0040
clcd_print@str                   cstackBANK0  003E
clcd_putch@addr                  cstackBANK0  003E
clcd_putch@data                  cstackBANK0  003F
clcd_write@byte                  cstackBANK0  003D
clcd_write@clcd$F103@byte        cstackBANK0  003D
clcd_write@clcd$F103@mode        cstackBANK0  003A
clcd_write@mode                  cstackBANK0  003A
clear_ram0                       clrtext      0534
end_of_initialization            cinit        003A
interrupt_function               intentry     0004
intlevel0                        functab      0000
intlevel1                        functab      0000
intlevel2                        functab      0000
intlevel3                        functab      0000
intlevel4                        functab      0000
intlevel5                        functab      0000
isr@count                        bssCOMMON    007B
main@F1031                       dataBANK0    0049
main@attempt                     bssBANK0     0030
main@count                       bssBANK0     0034
main@count1                      bssBANK0     0032
main@flag1                       bssBANK0     0036
main@i                           cstackBANK0  0044
main@key                         cstackBANK0  0048
main@once                        dataBANK0    004B
main@password                    bssBANK0     0028
main@ptr                         cstackBANK0  0042
main@pwd                         bssBANK0     0020
read_matrix_keypad@key           cstackBANK0  003D
read_matrix_keypad@mode          cstackBANK0  003C
read_matrix_keypad@once          dataBANK0    004D
reset_vec                        reset_vec    0000
saved_w                          (abs)        007E
scan_keypad@i                    cstackBANK0  003A
start                            init         000E
start_initialization             cinit        0011
wtemp0                           (abs)        007E


MODULE INFORMATION

Module		Function		Class		Link	Load	Size
matrix_keypad.c
		_init_matrix_keypad		CODE           	0510	0000	16
		_read_matrix_keypad		CODE           	04BB	0000	39
		_scan_keypad   		CODE           	01E4	0000	164

matrix_keypad.c estimated size: 219

timer.c
		_init_timer0   		CODE           	052B	0000	9

timer.c estimated size: 9

isr.c
		_isr           		CODE           	0452	0000	54

isr.c estimated size: 54

shared
		__stringtab    		STRING         	0307	0000	16
		__initialization		CODE           	0011	0000	41

shared estimated size: 57

clcd.c
		_clcd_print    		CODE           	0488	0000	51
		_clcd_putch    		CODE           	04FB	0000	21
		_init_display_controller		CODE           	0288	0000	127
		_init_clcd     		CODE           	0520	0000	11
		_clcd_write@clcd$F103		CODE           	0414	0000	62

clcd.c estimated size: 272

main.c
		_clcd_write    		CODE           	03D6	0000	62
		_main          		CODE           	003E	0000	422
		_init_config   		CODE           	04E2	0000	25

main.c estimated size: 509

C:\Program Files\Microchip\xc8\v2.45\pic\sources\c99\common\awdiv.c
		___awdiv       		CODE           	036F	0000	103

C:\Program Files\Microchip\xc8\v2.45\pic\sources\c99\common\awdiv.c estimated size: 103

