Microchip MPLAB XC8 Compiler V2.45

Linker command line:

-W-3 \
  --edf=C:\Program Files\Microchip\xc8\v2.45\pic\dat\20230818022343_en.msgs \
  -cn -h+dist/default/production\Assignment_10.X.production.sym \
  --cmf=dist/default/production\Assignment_10.X.production.cmf -z -Q16F877A \
  -oC:\Users\RAKESH~1\AppData\Local\Temp\xcAscik.\driver_tmp_3.o \
  --defsym=__MPLAB_BUILD=1 --fixupoverflow=error \
  -Mdist/default/production/Assignment_10.X.production.map \
  --md=C:\Users\RAKESH~1\AppData\Local\Temp\xcAscik.\driver_tmp_0.dat -E1 \
  -ver=XC8 Compiler --acfsm=1493 -ACODE=00h-07FFhx4 -ASTRCODE=00h-01FFFh \
  -ASTRING=00h-0FFhx32 -ACONST=00h-0FFhx32 -AENTRY=00h-0FFhx32 \
  -ACOMMON=070h-07Fh -ABANK0=020h-06Fh -ABANK1=0A0h-0EFh \
  -ABANK2=0110h-016Fh -ABANK3=0190h-01EFh \
  -ARAM=020h-06Fh,0A0h-0EFh,0110h-016Fh,0190h-01EFh \
  -AABS1=020h-07Fh,0A0h-0EFh,0110h-016Fh,0190h-01EFh -ASFR0=00h-01Fh \
  -ASFR1=080h-09Fh -ASFR2=0100h-010Fh -ASFR3=0180h-018Fh \
  -ACONFIG=02007h-02007h -DCONFIG=2 -AIDLOC=02000h-02003h -DIDLOC=2 \
  -AEEDATA=00h-0FFh/02100h -peeprom_data=EEDATA -DEEDATA=2 -DCODE=2 \
  -DSTRCODE=2 -DSTRING=2 -DCONST=2 -DENTRY=2 \
  -preset_vec=00h,intentry,init,end_init -ppowerup=CODE -pcinit=CODE \
  -pfunctab=ENTRY -k \
  C:\Users\RAKESH~1\AppData\Local\Temp\xcAscik.\driver_tmp_12.o \
  dist/default/production\Assignment_10.X.production.o 

Object code version is 3.11

Machine type is 16F877A



                Name                               Link     Load   Length Selector   Space Scale
C:\Users\RAKESH~1\AppData\Local\Temp\xcAscik.\driver_tmp_12.o
                end_init                              0        0        3        0       0
                config                             2007     2007        1        0       4
dist/default/production\Assignment_10.X.production.o
                cinit                               7D8      7D8       28      FB0       0
                config                             2007     2007        1        0       4
                text6                               58E      58E       59      B1C       0
                text5                               558      558       36      AB0       0
                text4                               4ED      4ED        B      9DA       0
                text3                               50F      50F       12      A1E       0
                text2                               4F8      4F8        B      9F0       0
                text1                               534      534       24      A68       0
                maintext                            5E7      5E7      1F1      BCE       0
                cstackBANK0                          20       20       18       20       1
                cstackCOMMON                         70       70        A       70       1
                inittext                            521      521       13      A42       0
                dataBANK0                            38       38        C       20       1
                bssBANK0                             44       44        4       20       1
                dataCOMMON                           7A       7A        3       70       1
                idataBANK0                          503      503        C      A06       0
                idataCOMMON                         4EA      4EA        3      9D4       0

TOTAL           Name                               Link     Load   Length     Space
        CLASS   CODE           
                end_init                              0        0        3         0
                cinit                               7D8      7D8       28         0
                text6                               58E      58E       59         0
                text5                               558      558       36         0
                text4                               4ED      4ED        B         0
                text3                               50F      50F       12         0
                text2                               4F8      4F8        B         0
                text1                               534      534       24         0
                maintext                            5E7      5E7      1F1         0
                inittext                            521      521       13         0
                idataBANK0                          503      503        C         0
                idataCOMMON                         4EA      4EA        3         0

        CLASS   STRCODE        

        CLASS   STRING         

        CLASS   CONST          

        CLASS   ENTRY          

        CLASS   COMMON         
                cstackCOMMON                         70       70        A         1
                dataCOMMON                           7A       7A        3         1

        CLASS   BANK0          
                cstackBANK0                          20       20       18         1
                dataBANK0                            38       38        C         1
                bssBANK0                             44       44        4         1

        CLASS   BANK1          

        CLASS   BANK2          

        CLASS   BANK3          

        CLASS   RAM            

        CLASS   ABS1           
                abs_s1                               7E       7E        2         1

        CLASS   SFR0           

        CLASS   SFR1           

        CLASS   SFR2           

        CLASS   SFR3           

        CLASS   CONFIG         
                config                             2007     2007        1         4

        CLASS   IDLOC          

        CLASS   EEDATA         

        CLASS   HEAP           

        CLASS   STACK          



SEGMENTS        Name                           Load    Length   Top    Selector   Space  Class     Delta

                reset_vec                      000000  000003  000003         0       0  CODE        2
                cstackBANK0                    000020  000028  000048        20       1  BANK0       1
                cstackCOMMON                   000070  00000D  00007D        70       1  COMMON      1
                idataCOMMON                    0004EA  000003  0004ED       9D4       0  CODE        2
                text4                          0004ED  00000B  0004F8       9DA       0  CODE        2
                text2                          0004F8  00000B  000503       9F0       0  CODE        2
                idataBANK0                     000503  00000C  00050F       A06       0  CODE        2
                text3                          00050F  000012  000521       A1E       0  CODE        2
                inittext                       000521  000013  000534       A42       0  CODE        2
                text1                          000534  000024  000558       A68       0  CODE        2
                text5                          000558  000036  00058E       AB0       0  CODE        2
                text6                          00058E  000059  0005E7       B1C       0  CODE        2
                maintext                       0005E7  0001F1  0007D8       BCE       0  CODE        2
                cinit                          0007D8  000028  000800       FB0       0  CODE        2


UNUSED ADDRESS RANGES

        Name                Unused          Largest block    Delta
        BANK0            0048-006F             28           1
        BANK1            00A0-00EF             50           1
        BANK2            0110-016F             60           1
        BANK3            0190-01EF             60           1
        CODE             0003-04E9            4E7           2
                         0800-1FFF            800
        COMMON           007D-007D              1           1
        CONST            0003-04E9            100           2
                         0800-1FFF            100
        EEDATA           2100-21FF            100           2
        ENTRY            0003-04E9            100           2
                         0800-1FFF            100
        IDLOC            2000-2003              4           2
        RAM              0048-006F             28           1
                         00A0-00EF             50
                         0110-016F             60
                         0190-01EF             60
        SFR0             0000-001F             20           1
        SFR1             0080-009F             20           1
        SFR2             0100-010F             10           1
        SFR3             0180-018F             10           1
        STRCODE          0003-04E9            4E7           2
                         0800-1FFF           1800
        STRING           0003-04E9            100           2
                         0800-1FFF            100

                                  Symbol Table

?___awmod                    cstackCOMMON 0070
_PORTA                       (abs)        0005
_PORTB                       (abs)        0006
_PORTD                       (abs)        0008
_TRISA                       (abs)        0085
_TRISB                       (abs)        0086
_TRISD                       (abs)        0088
__H__absolute__              __absolute__ 0000
__Habs1                      abs1         0000
__Hbank0                     bank0        0000
__Hbank1                     bank1        0000
__Hbank2                     bank2        0000
__Hbank3                     bank3        0000
__HbssBANK0                  bssBANK0     0000
__Hcinit                     cinit        0800
__Hclrtext                   clrtext      0000
__Hcode                      code         0000
__Hcommon                    common       0000
__Hconfig                    config       2008
__HcstackBANK0               cstackBANK0  0000
__HcstackCOMMON              cstackCOMMON 0000
__HdataBANK0                 dataBANK0    0000
__HdataCOMMON                dataCOMMON   0000
__Heeprom_data               eeprom_data  0000
__Hend_init                  end_init     0003
__Hfunctab                   functab      0000
__Hheap                      heap         0000
__HidataBANK0                idataBANK0   0000
__HidataCOMMON               idataCOMMON  0000
__Hinit                      init         0000
__Hinittext                  inittext     0000
__Hintentry                  intentry     0000
__Hmaintext                  maintext     0000
__Hpowerup                   powerup      0000
__Hram                       ram          0000
__Hreset_vec                 reset_vec    0000
__Hsfr0                      sfr0         0000
__Hsfr1                      sfr1         0000
__Hsfr2                      sfr2         0000
__Hsfr3                      sfr3         0000
__Hspace_0                   (abs)        0800
__Hspace_1                   (abs)        007D
__Hspace_2                   (abs)        0000
__Hspace_3                   (abs)        0000
__Hspace_4                   (abs)        400F
__Hstack                     stack        0000
__Hstrings                   strings      0000
__Htext                      text         0000
__L__absolute__              __absolute__ 0000
__Labs1                      abs1         0000
__Lbank0                     bank0        0000
__Lbank1                     bank1        0000
__Lbank2                     bank2        0000
__Lbank3                     bank3        0000
__LbssBANK0                  bssBANK0     0000
__Lcinit                     cinit        07D8
__Lclrtext                   clrtext      0000
__Lcode                      code         0000
__Lcommon                    common       0000
__Lconfig                    config       0000
__LcstackBANK0               cstackBANK0  0000
__LcstackCOMMON              cstackCOMMON 0000
__LdataBANK0                 dataBANK0    0000
__LdataCOMMON                dataCOMMON   0000
__Leeprom_data               eeprom_data  0000
__Lend_init                  end_init     0000
__Lfunctab                   functab      0000
__Lheap                      heap         0000
__LidataBANK0                idataBANK0   0000
__LidataCOMMON               idataCOMMON  0000
__Linit                      init         0000
__Linittext                  inittext     0000
__Lintentry                  intentry     0000
__Lmaintext                  maintext     0000
__Lpowerup                   powerup      0000
__Lram                       ram          0000
__Lreset_vec                 reset_vec    0000
__Lsfr0                      sfr0         0000
__Lsfr1                      sfr1         0000
__Lsfr2                      sfr2         0000
__Lsfr3                      sfr3         0000
__Lspace_0                   (abs)        0000
__Lspace_1                   (abs)        0000
__Lspace_2                   (abs)        0000
__Lspace_3                   (abs)        0000
__Lspace_4                   (abs)        0000
__Lstack                     stack        0000
__Lstrings                   strings      0000
__Ltext                      text         0000
__S0                         (abs)        0800
__S1                         (abs)        007D
__S3                         (abs)        0000
___awmod                     text6        058E
___awmod@counter             cstackCOMMON 0074
___awmod@dividend            cstackCOMMON 0072
___awmod@divisor             cstackCOMMON 0070
___awmod@sign                cstackCOMMON 0075
___heap_hi                   (abs)        0000
___heap_lo                   (abs)        0000
___int_sp                    stack        0000
___int_stack_hi              stack        0000
___int_stack_lo              stack        0000
___latbits                   (abs)        0002
___sp                        stack        0000
___stack_hi                  stack        0000
___stack_lo                  stack        0000
___stackhi                   (abs)        0000
___stacklo                   (abs)        0000
__end_of___awmod             text6        05E7
__end_of__initialization     cinit        07FC
__end_of_display_ssd         text5        058E
__end_of_init_config         text2        0503
__end_of_init_digital_keypad text4        04F8
__end_of_init_ssd            text3        0521
__end_of_main                maintext     07D8
__end_of_read_digital_keypad text1        0558
__initialization             cinit        07D8
__pbssBANK0                  bssBANK0     0044
__pcstackBANK0               cstackBANK0  0020
__pcstackCOMMON              cstackCOMMON 0070
__pdataBANK0                 dataBANK0    0038
__pdataCOMMON                dataCOMMON   007A
__pidataBANK0                idataBANK0   0503
__pidataCOMMON               idataCOMMON  04EA
__pmaintext                  maintext     05E7
__ptext1                     text1        0534
__ptext2                     text2        04F8
__ptext3                     text3        050F
__ptext4                     text4        04ED
__ptext5                     text5        0558
__ptext6                     text6        058E
_display_ssd                 text5        0558
_init_config                 text2        04F8
_init_digital_keypad         text4        04ED
_init_ssd                    text3        050F
_main                        maintext     05E7
_main$677                    cstackBANK0  0034
_read_digital_keypad         text1        0534
btemp                        (abs)        007E
display_ssd@data             cstackCOMMON 0073
display_ssd@digit            cstackCOMMON 0074
display_ssd@i                cstackCOMMON 0071
end_of_initialization        cinit        07FC
init_fetch0                  inittext     0521
init_ram0                    inittext     0525
intlevel0                    functab      0000
intlevel1                    functab      0000
intlevel2                    functab      0000
intlevel3                    functab      0000
intlevel4                    functab      0000
intlevel5                    functab      0000
main@F1191                   dataBANK0    0038
main@hold                    bssBANK0     0046
main@i                       cstackBANK0  0036
main@key                     cstackBANK0  002E
main@left                    bssBANK0     0045
main@once                    bssBANK0     0047
main@prekey                  cstackBANK0  0033
main@right                   bssBANK0     0044
main@ssd                     cstackBANK0  002F
main@vals                    cstackBANK0  0020
main@wait                    cstackBANK0  002C
read_digital_keypad@mode     cstackCOMMON 0071
read_digital_keypad@once     dataCOMMON   007C
reset_vec                    reset_vec    0000
start                        init         0000
start_initialization         cinit        07D8
wtemp0                       (abs)        007E


MODULE INFORMATION

Module		Function		Class		Link	Load	Size
ssd.c
		_init_ssd      		CODE           	050F	0000	18
		_display_ssd   		CODE           	0558	0000	54

ssd.c estimated size: 72

digital_keypad.c
		_init_digital_keypad		CODE           	04ED	0000	11
		_read_digital_keypad		CODE           	0534	0000	36

digital_keypad.c estimated size: 47

C:\Program Files\Microchip\xc8\v2.45\pic\sources\c99\common\awmod.c
		___awmod       		CODE           	058E	0000	89

C:\Program Files\Microchip\xc8\v2.45\pic\sources\c99\common\awmod.c estimated size: 89

shared
		__initialization		CODE           	07D8	0000	36

shared estimated size: 36

main.c
		_main          		CODE           	05E7	0000	497
		_init_config   		CODE           	04F8	0000	11

main.c estimated size: 508

