Microchip MPLAB XC8 Compiler V2.45

Linker command line:

-W-3 \
  --edf=C:\Program Files\Microchip\xc8\v2.45\pic\dat\20230818022343_en.msgs \
  -cn -h+dist/default/production\Assignment_17.X.production.sym \
  --cmf=dist/default/production\Assignment_17.X.production.cmf -z -Q16F877A \
  -oC:\Users\RAKESH~1\AppData\Local\Temp\xcAsmb0.\driver_tmp_3.o \
  --defsym=__MPLAB_BUILD=1 --fixupoverflow=error \
  -Mdist/default/production/Assignment_17.X.production.map \
  --md=C:\Users\RAKESH~1\AppData\Local\Temp\xcAsmb0.\driver_tmp_0.dat -E1 \
  -ver=XC8 Compiler --acfsm=1493 -ACODE=00h-07FFhx4 -ASTRCODE=00h-01FFFh \
  -ASTRING=00h-0FFhx32 -ACONST=00h-0FFhx32 -AENTRY=00h-0FFhx32 \
  -ACOMMON=070h-07Fh -ABANK0=020h-06Fh -ABANK1=0A0h-0EFh \
  -ABANK2=0110h-016Fh -ABANK3=0190h-01EFh \
  -ARAM=020h-06Fh,0A0h-0EFh,0110h-016Fh,0190h-01EFh \
  -AABS1=020h-07Fh,0A0h-0EFh,0110h-016Fh,0190h-01EFh -ASFR0=00h-01Fh \
  -ASFR1=080h-09Fh -ASFR2=0100h-010Fh -ASFR3=0180h-018Fh \
  -ACONFIG=02007h-02007h -DCONFIG=2 -AIDLOC=02000h-02003h -DIDLOC=2 \
  -AEEDATA=00h-0FFh/02100h -peeprom_data=EEDATA -DEEDATA=2 -DCODE=2 \
  -DSTRCODE=2 -DSTRING=2 -DCONST=2 -DENTRY=2 \
  -preset_vec=00h,intentry=04h,init,end_init -ppowerup=CODE -pcinit=CODE \
  -pfunctab=ENTRY -k \
  C:\Users\RAKESH~1\AppData\Local\Temp\xcAsmb0.\driver_tmp_12.o \
  dist/default/production\Assignment_17.X.production.o 

Object code version is 3.11

Machine type is 16F877A



                Name                               Link     Load   Length Selector   Space Scale
C:\Users\RAKESH~1\AppData\Local\Temp\xcAsmb0.\driver_tmp_12.o
                end_init                              E        E        3        8       0
                reset_vec                             0        0        3        0       0
                config                             2007     2007        1        0       4
                idloc                              2000     2000        4        0       5
dist/default/production\Assignment_17.X.production.o
                cinit                                11       11       21        8       0
                intentry                              4        4        A        8       0
                config                             2007     2007        1        0       4
                idloc                              2000     2000        4        0       5
                text13                              470      470       67        8       0
                text12                              5CB      5CB       34      A9E       0
                text11                              58D      58D       3E      A9E       0
                text10                              66F      66F       15      A9E       0
                text9                               54F      54F       3E      A9E       0
                text8                               5FF      5FF       2E      A9E       0
                text7                               3F1      3F1       7F        8       0
                text6                               694      694        B      A9E       0
                text5                               684      684       10      A9E       0
                text4                               69F      69F        9      A9E       0
                text3                               654      654       1B      A9E       0
                text2                               34D      34D       A4        8       0
                text1                               62D      62D       27      A9E       0
                maintext                             32       32      31B        8       0
                cstackBANK0                          48       48       12       20       1
                cstackCOMMON                         70       70        B       70       1
                clrtext                             6A8      6A8        8      A9E       0
                dataBANK0                            5A       5A        3       20       1
                bssBANK0                             20       20       28       20       1
                bssCOMMON                            7B       7B        2       70       1
                strings                             500      500       4F      A00       0
                idataBANK0                          6B0      6B0        3      A9E       0

TOTAL           Name                               Link     Load   Length     Space
        CLASS   CODE           
                end_init                              E        E        3         0
                cinit                                11       11       21         0
                intentry                              4        4        A         0
                reset_vec                             0        0        3         0
                text13                              470      470       67         0
                text12                              5CB      5CB       34         0
                text11                              58D      58D       3E         0
                text10                              66F      66F       15         0
                text9                               54F      54F       3E         0
                text8                               5FF      5FF       2E         0
                text7                               3F1      3F1       7F         0
                text6                               694      694        B         0
                text5                               684      684       10         0
                text4                               69F      69F        9         0
                text3                               654      654       1B         0
                text2                               34D      34D       A4         0
                text1                               62D      62D       27         0
                maintext                             32       32      31B         0
                clrtext                             6A8      6A8        8         0
                idataBANK0                          6B0      6B0        3         0

        CLASS   STRCODE        

        CLASS   STRING         
                strings                             500      500       4F         0

        CLASS   CONST          

        CLASS   ENTRY          

        CLASS   COMMON         
                cstackCOMMON                         70       70        B         1
                bssCOMMON                            7B       7B        2         1

        CLASS   BANK0          
                cstackBANK0                          48       48       12         1
                dataBANK0                            5A       5A        3         1
                bssBANK0                             20       20       28         1

        CLASS   BANK1          

        CLASS   BANK2          

        CLASS   BANK3          

        CLASS   RAM            

        CLASS   ABS1           
                abs_s1                               7E       7E        2         1

        CLASS   SFR0           

        CLASS   SFR1           

        CLASS   SFR2           

        CLASS   SFR3           

        CLASS   CONFIG         
                config                             2007     2007        1         4

        CLASS   IDLOC          
                idloc                              2000     2000        4         5

        CLASS   EEDATA         

        CLASS   HEAP           

        CLASS   STACK          



SEGMENTS        Name                           Load    Length   Top    Selector   Space  Class     Delta

                reset_vec                      000000  000003  000003         0       0  CODE        2
                intentry                       000004  0004D3  0004D7         8       0  CODE        2
                bssBANK0                       000020  00003D  00005D        20       1  BANK0       1
                cstackCOMMON                   000070  00000D  00007D        70       1  COMMON      1
                strings                        000500  00004F  00054F       A00       0  STRING      2
                text9                          00054F  000164  0006B3       A9E       0  CODE        2


UNUSED ADDRESS RANGES

        Name                Unused          Largest block    Delta
        BANK0            005D-006F             13           1
        BANK1            00A0-00EF             50           1
        BANK2            0110-016F             60           1
        BANK3            0190-01EF             60           1
        CODE             0003-0003              1           2
                         04D7-04FF             29
                         06B3-1FFF            800
        COMMON           007D-007D              1           1
        CONST            0003-0003              1           2
                         04D7-04FF             29
                         06B3-1FFF            100
        EEDATA           2100-21FF            100           2
        ENTRY            0003-0003              1           2
                         04D7-04FF             29
                         06B3-1FFF            100
        RAM              005D-006F             13           1
                         00A0-00EF             50
                         0110-016F             60
                         0190-01EF             60
        SFR0             0000-001F             20           1
        SFR1             0080-009F             20           1
        SFR2             0100-010F             10           1
        SFR3             0180-018F             10           1
        STRCODE          0003-0003              1           2
                         04D7-04FF             29
                         06B3-1FFF           194D
        STRING           0003-0003              1           2
                         04D7-04FF             29
                         06B3-1FFF            100

                                  Symbol Table

?___awdiv                        cstackCOMMON 0070
_GIE                             (abs)        005F
_PORTD                           (abs)        0008
_PSA                             (abs)        040B
_RB0                             (abs)        0030
_RB1                             (abs)        0031
_RB2                             (abs)        0032
_RD0                             (abs)        0040
_RD1                             (abs)        0041
_RD2                             (abs)        0042
_RD3                             (abs)        0043
_RE1                             (abs)        0049
_RE2                             (abs)        004A
_T0CS                            (abs)        040D
_TMR0                            (abs)        0001
_TMR0IF                          (abs)        005A
_TRISB                           (abs)        0086
_TRISD                           (abs)        0088
_TRISE1                          (abs)        0449
_TRISE2                          (abs)        044A
__H__absolute__                  __absolute__ 0000
__Habs1                          abs1         0000
__Hbank0                         bank0        0000
__Hbank1                         bank1        0000
__Hbank2                         bank2        0000
__Hbank3                         bank3        0000
__HbssBANK0                      bssBANK0     0000
__HbssCOMMON                     bssCOMMON    0000
__Hcinit                         cinit        0032
__Hclrtext                       clrtext      0000
__Hcode                          code         0000
__Hcommon                        common       0000
__Hconfig                        config       2008
__HcstackBANK0                   cstackBANK0  0000
__HcstackCOMMON                  cstackCOMMON 0000
__HdataBANK0                     dataBANK0    0000
__Heeprom_data                   eeprom_data  0000
__Hend_init                      end_init     0011
__Hfunctab                       functab      0000
__Hheap                          heap         0000
__HidataBANK0                    idataBANK0   0000
__Hidloc                         idloc        2004
__Hinit                          init         000E
__Hintentry                      intentry     000E
__Hmaintext                      maintext     0000
__Hpowerup                       powerup      0000
__Hram                           ram          0000
__Hreset_vec                     reset_vec    0003
__Hsfr0                          sfr0         0000
__Hsfr1                          sfr1         0000
__Hsfr2                          sfr2         0000
__Hsfr3                          sfr3         0000
__Hspace_0                       (abs)        06B3
__Hspace_1                       (abs)        007D
__Hspace_2                       (abs)        0000
__Hspace_3                       (abs)        0000
__Hspace_4                       (abs)        400F
__Hstack                         stack        0000
__Hstrings                       strings      0000
__Htext                          text         0000
__L__absolute__                  __absolute__ 0000
__Labs1                          abs1         0000
__Lbank0                         bank0        0000
__Lbank1                         bank1        0000
__Lbank2                         bank2        0000
__Lbank3                         bank3        0000
__LbssBANK0                      bssBANK0     0000
__LbssCOMMON                     bssCOMMON    0000
__Lcinit                         cinit        0011
__Lclrtext                       clrtext      0000
__Lcode                          code         0000
__Lcommon                        common       0000
__Lconfig                        config       0000
__LcstackBANK0                   cstackBANK0  0000
__LcstackCOMMON                  cstackCOMMON 0000
__LdataBANK0                     dataBANK0    0000
__Leeprom_data                   eeprom_data  0000
__Lend_init                      end_init     000E
__Lfunctab                       functab      0000
__Lheap                          heap         0000
__LidataBANK0                    idataBANK0   0000
__Lidloc                         idloc        0000
__Linit                          init         000E
__Lintentry                      intentry     0004
__Lmaintext                      maintext     0000
__Lpowerup                       powerup      0000
__Lram                           ram          0000
__Lreset_vec                     reset_vec    0000
__Lsfr0                          sfr0         0000
__Lsfr1                          sfr1         0000
__Lsfr2                          sfr2         0000
__Lsfr3                          sfr3         0000
__Lspace_0                       (abs)        0000
__Lspace_1                       (abs)        0000
__Lspace_2                       (abs)        0000
__Lspace_3                       (abs)        0000
__Lspace_4                       (abs)        0000
__Lstack                         stack        0000
__Lstrings                       strings      0000
__Ltext                          text         0000
__S0                             (abs)        06B3
__S1                             (abs)        007D
__S3                             (abs)        0000
___awdiv                         text13       0470
___awdiv@counter                 cstackCOMMON 0074
___awdiv@dividend                cstackCOMMON 0072
___awdiv@divisor                 cstackCOMMON 0070
___awdiv@quotient                cstackCOMMON 0076
___awdiv@sign                    cstackCOMMON 0075
___heap_hi                       (abs)        0000
___heap_lo                       (abs)        0000
___int_sp                        stack        0000
___int_stack_hi                  stack        0000
___int_stack_lo                  stack        0000
___latbits                       (abs)        0002
___sp                            stack        0000
___stack_hi                      stack        0000
___stack_lo                      stack        0000
___stackhi                       (abs)        0000
___stacklo                       (abs)        0000
__end_of___awdiv                 text13       04D7
__end_of__initialization         cinit        002E
__end_of__stringtab              strings      0506
__end_of_clcd_print              text8        062D
__end_of_clcd_putch              text10       0684
__end_of_clcd_write              text9        058D
__end_of_clcd_write@clcd$F109    text11       05CB
__end_of_init_clcd               text6        069F
__end_of_init_config             text3        066F
__end_of_init_display_controller text7        0470
__end_of_init_matrix_keypad      text5        0694
__end_of_init_timer0             text4        06A8
__end_of_isr                     text12       05FF
__end_of_main                    maintext     034D
__end_of_read_matrix_keypad      text1        0654
__end_of_scan_keypad             text2        03F1
__initialization                 cinit        0011
__pbssBANK0                      bssBANK0     0020
__pbssCOMMON                     bssCOMMON    007B
__pcstackBANK0                   cstackBANK0  0048
__pcstackCOMMON                  cstackCOMMON 0070
__pdataBANK0                     dataBANK0    005A
__pidataBANK0                    idataBANK0   06B0
__pintentry                      intentry     0004
__pmaintext                      maintext     0032
__pstrings                       strings      0500
__ptext1                         text1        062D
__ptext10                        text10       066F
__ptext11                        text11       058D
__ptext12                        text12       05CB
__ptext13                        text13       0470
__ptext2                         text2        034D
__ptext3                         text3        0654
__ptext4                         text4        069F
__ptext5                         text5        0684
__ptext6                         text6        0694
__ptext7                         text7        03F1
__ptext8                         text8        05FF
__ptext9                         text9        054F
__stringbase                     strings      0505
__stringtab                      strings      0500
_clcd_print                      text8        05FF
_clcd_putch                      text10       066F
_clcd_write                      text9        054F
_clcd_write@clcd$F109            text11       058D
_init_clcd                       text6        0694
_init_config                     text3        0654
_init_display_controller         text7        03F1
_init_matrix_keypad              text5        0684
_init_timer0                     text4        069F
_isr                             text12       05CB
_main                            maintext     0032
_nRBPU                           (abs)        040F
_read_matrix_keypad              text1        062D
_scan_keypad                     text2        034D
_sigma                           bssCOMMON    007B
btemp                            (abs)        007E
clcd_print@addr                  cstackBANK0  004C
clcd_print@str                   cstackBANK0  004D
clcd_putch@addr                  cstackBANK0  004C
clcd_putch@data                  cstackBANK0  004D
clcd_write@byte                  cstackBANK0  004B
clcd_write@clcd$F109@byte        cstackBANK0  004B
clcd_write@clcd$F109@mode        cstackBANK0  0048
clcd_write@mode                  cstackBANK0  0048
clear_ram0                       clrtext      06A8
end_of_initialization            cinit        002E
interrupt_function               intentry     0004
intlevel0                        functab      0000
intlevel1                        functab      0000
intlevel2                        functab      0000
intlevel3                        functab      0000
intlevel4                        functab      0000
intlevel5                        functab      0000
isr@count                        bssBANK0     0038
main@arr                         bssBANK0     0020
main@char_pos                    bssBANK0     003A
main@count                       bssBANK0     0040
main@count_letter                bssBANK0     0044
main@cur_key                     cstackBANK0  0058
main@edit_key                    bssBANK0     0046
main@i                           cstackBANK0  0050
main@i_87                        cstackBANK0  0054
main@key                         cstackBANK0  0059
main@once                        dataBANK0    005A
main@pos                         bssBANK0     003C
main@scroll                      bssBANK0     0042
read_matrix_keypad@key           cstackBANK0  004B
read_matrix_keypad@mode          cstackBANK0  004A
read_matrix_keypad@once          dataBANK0    005C
reset_vec                        reset_vec    0000
saved_w                          (abs)        007E
scan_keypad@i                    cstackBANK0  0048
start                            init         000E
start_initialization             cinit        0011
wtemp0                           (abs)        007E


MODULE INFORMATION

Module		Function		Class		Link	Load	Size
timers.c
		_init_timer0   		CODE           	069F	0000	9

timers.c estimated size: 9

matrix_keypad.c
		_init_matrix_keypad		CODE           	0684	0000	16
		_read_matrix_keypad		CODE           	062D	0000	39
		_scan_keypad   		CODE           	034D	0000	164

matrix_keypad.c estimated size: 219

isr.c
		_isr           		CODE           	05CB	0000	52

isr.c estimated size: 52

shared
		__stringtab    		STRING         	0500	0000	6
		__initialization		CODE           	0011	0000	29

shared estimated size: 35

clcd.c
		_clcd_write@clcd$F109		CODE           	058D	0000	62
		_clcd_print    		CODE           	05FF	0000	46
		_clcd_putch    		CODE           	066F	0000	21
		_init_display_controller		CODE           	03F1	0000	127
		_init_clcd     		CODE           	0694	0000	11

clcd.c estimated size: 267

main.c
		_clcd_write    		CODE           	054F	0000	62
		_main          		CODE           	0032	0000	795
		_init_config   		CODE           	0654	0000	27

main.c estimated size: 884

C:\Program Files\Microchip\xc8\v2.45\pic\sources\c99\common\awdiv.c
		___awdiv       		CODE           	0470	0000	103

C:\Program Files\Microchip\xc8\v2.45\pic\sources\c99\common\awdiv.c estimated size: 103

